11:28:55 **** Clean-only build of configuration Debug for project Switch_De_Distorcion_Ergonomico ****
make -r -j8 clean 
rm -rf  ./utilities/fsl_debug_console.o  ./startup/startup_mkl25z4.o  ./source/board.o ./source/clock_config.o ./source/main.o ./source/mtb.o ./source/pin_mux.o  ./drivers/fsl_adc16.o ./drivers/fsl_clock.o ./drivers/fsl_cmp.o ./drivers/fsl_common.o ./drivers/fsl_cop.o ./drivers/fsl_dac.o ./drivers/fsl_dma.o ./drivers/fsl_dmamux.o ./drivers/fsl_flash.o ./drivers/fsl_gpio.o ./drivers/fsl_i2c.o ./drivers/fsl_i2c_dma.o ./drivers/fsl_llwu.o ./drivers/fsl_lpsci.o ./drivers/fsl_lpsci_dma.o ./drivers/fsl_lptmr.o ./drivers/fsl_pit.o ./drivers/fsl_pmc.o ./drivers/fsl_rcm.o ./drivers/fsl_rtc.o ./drivers/fsl_sim.o ./drivers/fsl_smc.o ./drivers/fsl_spi.o ./drivers/fsl_spi_dma.o ./drivers/fsl_tpm.o ./drivers/fsl_tsi_v4.o ./drivers/fsl_uart.o ./drivers/fsl_uart_dma.o  ./CMSIS/system_MKL25Z4.o  ./utilities/fsl_debug_console.d  ./startup/startup_mkl25z4.d  ./source/board.d ./source/clock_config.d ./source/main.d ./source/mtb.d ./source/pin_mux.d  ./drivers/fsl_adc16.d ./drivers/fsl_clock.d ./drivers/fsl_cmp.d ./drivers/fsl_common.d ./drivers/fsl_cop.d ./drivers/fsl_dac.d ./drivers/fsl_dma.d ./drivers/fsl_dmamux.d ./drivers/fsl_flash.d ./drivers/fsl_gpio.d ./drivers/fsl_i2c.d ./drivers/fsl_i2c_dma.d ./drivers/fsl_llwu.d ./drivers/fsl_lpsci.d ./drivers/fsl_lpsci_dma.d ./drivers/fsl_lptmr.d ./drivers/fsl_pit.d ./drivers/fsl_pmc.d ./drivers/fsl_rcm.d ./drivers/fsl_rtc.d ./drivers/fsl_sim.d ./drivers/fsl_smc.d ./drivers/fsl_spi.d ./drivers/fsl_spi_dma.d ./drivers/fsl_tpm.d ./drivers/fsl_tsi_v4.d ./drivers/fsl_uart.d ./drivers/fsl_uart_dma.d  ./CMSIS/system_MKL25Z4.d  Switch_De_Distorcion_Ergonomico.axf
 
11:28:58 **** Incremental Build of configuration Debug for project Switch_De_Distorcion_Ergonomico ****
make -r -j8 all 
Building file: ../startup/startup_mkl25z4.c
Building file: ../utilities/fsl_debug_console.c
Building file: ../source/board.c
Building file: ../source/main.c
Building file: ../source/clock_config.c
Building file: ../drivers/fsl_adc16.c
Invoking: MCU C Compiler
Building file: ../source/mtb.c
Invoking: MCU C Compiler
Building file: ../source/pin_mux.c
arm-none-eabi-gcc -DCR_INTEGER_PRINTF -DSDK_DEBUGCONSOLE=0 -D__MCUXPRESSO -D__USE_CMSIS -DDEBUG -DFSL_RTOS_BM -DSDK_OS_BAREMETAL -DCPU_MKL25Z128VLK4 -DCPU_MKL25Z128VLK4_cm0plus -D__REDLIB__ -I"D:\Maestria\APSW\Switch_De_Distorcion_Ergonomico\Switch_De_Distorcion_Ergonomico\03_Investigacion_y_Desarrollo\04_Implementacion_SW\Switch_De_Distorcion_Ergonomico\source" -I"D:\Maestria\APSW\Switch_De_Distorcion_Ergonomico\Switch_De_Distorcion_Ergonomico\03_Investigacion_y_Desarrollo\04_Implementacion_SW\Switch_De_Distorcion_Ergonomico" -I"D:\Maestria\APSW\Switch_De_Distorcion_Ergonomico\Switch_De_Distorcion_Ergonomico\03_Investigacion_y_Desarrollo\04_Implementacion_SW\Switch_De_Distorcion_Ergonomico\drivers" -I"D:\Maestria\APSW\Switch_De_Distorcion_Ergonomico\Switch_De_Distorcion_Ergonomico\03_Investigacion_y_Desarrollo\04_Implementacion_SW\Switch_De_Distorcion_Ergonomico\utilities" -I"D:\Maestria\APSW\Switch_De_Distorcion_Ergonomico\Switch_De_Distorcion_Ergonomico\03_Investigacion_y_Desarrollo\04_Implementacion_SW\Switch_De_Distorcion_Ergonomico\startup" -I"D:\Maestria\APSW\Switch_De_Distorcion_Ergonomico\Switch_De_Distorcion_Ergonomico\03_Investigacion_y_Desarrollo\04_Implementacion_SW\Switch_De_Distorcion_Ergonomico\CMSIS" -I"D:\Maestria\APSW\Switch_De_Distorcion_Ergonomico\Switch_De_Distorcion_Ergonomico\03_Investigacion_y_Desarrollo\04_Implementacion_SW\Switch_De_Distorcion_Ergonomico\Application" -I"D:\Maestria\APSW\Switch_De_Distorcion_Ergonomico\Switch_De_Distorcion_Ergonomico\03_Investigacion_y_Desarrollo\04_Implementacion_SW\Switch_De_Distorcion_Ergonomico\OS" -O0 -fno-common -g3 -Wall -c -fmessage-length=0 -fno-builtin -ffunction-sections -fdata-sections -mcpu=cortex-m0plus -mthumb -D__REDLIB__ -specs=redlib.specs -MMD -MP -MF"startup/startup_mkl25z4.d" -MT"startup/startup_mkl25z4.o" -MT"startup/startup_mkl25z4.d" -o "startup/startup_mkl25z4.o" "../startup/startup_mkl25z4.c"
arm-none-eabi-gcc -DCR_INTEGER_PRINTF -DSDK_DEBUGCONSOLE=0 -D__MCUXPRESSO -D__USE_CMSIS -DDEBUG -DFSL_RTOS_BM -DSDK_OS_BAREMETAL -DCPU_MKL25Z128VLK4 -DCPU_MKL25Z128VLK4_cm0plus -D__REDLIB__ -I"D:\Maestria\APSW\Switch_De_Distorcion_Ergonomico\Switch_De_Distorcion_Ergonomico\03_Investigacion_y_Desarrollo\04_Implementacion_SW\Switch_De_Distorcion_Ergonomico\source" -I"D:\Maestria\APSW\Switch_De_Distorcion_Ergonomico\Switch_De_Distorcion_Ergonomico\03_Investigacion_y_Desarrollo\04_Implementacion_SW\Switch_De_Distorcion_Ergonomico" -I"D:\Maestria\APSW\Switch_De_Distorcion_Ergonomico\Switch_De_Distorcion_Ergonomico\03_Investigacion_y_Desarrollo\04_Implementacion_SW\Switch_De_Distorcion_Ergonomico\drivers" -I"D:\Maestria\APSW\Switch_De_Distorcion_Ergonomico\Switch_De_Distorcion_Ergonomico\03_Investigacion_y_Desarrollo\04_Implementacion_SW\Switch_De_Distorcion_Ergonomico\utilities" -I"D:\Maestria\APSW\Switch_De_Distorcion_Ergonomico\Switch_De_Distorcion_Ergonomico\03_Investigacion_y_Desarrollo\04_Implementacion_SW\Switch_De_Distorcion_Ergonomico\startup" -I"D:\Maestria\APSW\Switch_De_Distorcion_Ergonomico\Switch_De_Distorcion_Ergonomico\03_Investigacion_y_Desarrollo\04_Implementacion_SW\Switch_De_Distorcion_Ergonomico\CMSIS" -I"D:\Maestria\APSW\Switch_De_Distorcion_Ergonomico\Switch_De_Distorcion_Ergonomico\03_Investigacion_y_Desarrollo\04_Implementacion_SW\Switch_De_Distorcion_Ergonomico\Application" -I"D:\Maestria\APSW\Switch_De_Distorcion_Ergonomico\Switch_De_Distorcion_Ergonomico\03_Investigacion_y_Desarrollo\04_Implementacion_SW\Switch_De_Distorcion_Ergonomico\OS" -O0 -fno-common -g3 -Wall -c -fmessage-length=0 -fno-builtin -ffunction-sections -fdata-sections -mcpu=cortex-m0plus -mthumb -D__REDLIB__ -specs=redlib.specs -MMD -MP -MF"utilities/fsl_debug_console.d" -MT"utilities/fsl_debug_console.o" -MT"utilities/fsl_debug_console.d" -o "utilities/fsl_debug_console.o" "../utilities/fsl_debug_console.c"
Invoking: MCU C Compiler
Invoking: MCU C Compiler
arm-none-eabi-gcc -DCR_INTEGER_PRINTF -DSDK_DEBUGCONSOLE=0 -D__MCUXPRESSO -D__USE_CMSIS -DDEBUG -DFSL_RTOS_BM -DSDK_OS_BAREMETAL -DCPU_MKL25Z128VLK4 -DCPU_MKL25Z128VLK4_cm0plus -D__REDLIB__ -I"D:\Maestria\APSW\Switch_De_Distorcion_Ergonomico\Switch_De_Distorcion_Ergonomico\03_Investigacion_y_Desarrollo\04_Implementacion_SW\Switch_De_Distorcion_Ergonomico\source" -I"D:\Maestria\APSW\Switch_De_Distorcion_Ergonomico\Switch_De_Distorcion_Ergonomico\03_Investigacion_y_Desarrollo\04_Implementacion_SW\Switch_De_Distorcion_Ergonomico" -I"D:\Maestria\APSW\Switch_De_Distorcion_Ergonomico\Switch_De_Distorcion_Ergonomico\03_Investigacion_y_Desarrollo\04_Implementacion_SW\Switch_De_Distorcion_Ergonomico\drivers" -I"D:\Maestria\APSW\Switch_De_Distorcion_Ergonomico\Switch_De_Distorcion_Ergonomico\03_Investigacion_y_Desarrollo\04_Implementacion_SW\Switch_De_Distorcion_Ergonomico\utilities" -I"D:\Maestria\APSW\Switch_De_Distorcion_Ergonomico\Switch_De_Distorcion_Ergonomico\03_Investigacion_y_Desarrollo\04_Implementacion_SW\Switch_De_Distorcion_Ergonomico\startup" -I"D:\Maestria\APSW\Switch_De_Distorcion_Ergonomico\Switch_De_Distorcion_Ergonomico\03_Investigacion_y_Desarrollo\04_Implementacion_SW\Switch_De_Distorcion_Ergonomico\CMSIS" -I"D:\Maestria\APSW\Switch_De_Distorcion_Ergonomico\Switch_De_Distorcion_Ergonomico\03_Investigacion_y_Desarrollo\04_Implementacion_SW\Switch_De_Distorcion_Ergonomico\Application" -I"D:\Maestria\APSW\Switch_De_Distorcion_Ergonomico\Switch_De_Distorcion_Ergonomico\03_Investigacion_y_Desarrollo\04_Implementacion_SW\Switch_De_Distorcion_Ergonomico\OS" -O0 -fno-common -g3 -Wall -c -fmessage-length=0 -fno-builtin -ffunction-sections -fdata-sections -mcpu=cortex-m0plus -mthumb -D__REDLIB__ -specs=redlib.specs -MMD -MP -MF"source/board.d" -MT"source/board.o" -MT"source/board.d" -o "source/board.o" "../source/board.c"
arm-none-eabi-gcc -DCR_INTEGER_PRINTF -DSDK_DEBUGCONSOLE=0 -D__MCUXPRESSO -D__USE_CMSIS -DDEBUG -DFSL_RTOS_BM -DSDK_OS_BAREMETAL -DCPU_MKL25Z128VLK4 -DCPU_MKL25Z128VLK4_cm0plus -D__REDLIB__ -I"D:\Maestria\APSW\Switch_De_Distorcion_Ergonomico\Switch_De_Distorcion_Ergonomico\03_Investigacion_y_Desarrollo\04_Implementacion_SW\Switch_De_Distorcion_Ergonomico\source" -I"D:\Maestria\APSW\Switch_De_Distorcion_Ergonomico\Switch_De_Distorcion_Ergonomico\03_Investigacion_y_Desarrollo\04_Implementacion_SW\Switch_De_Distorcion_Ergonomico" -I"D:\Maestria\APSW\Switch_De_Distorcion_Ergonomico\Switch_De_Distorcion_Ergonomico\03_Investigacion_y_Desarrollo\04_Implementacion_SW\Switch_De_Distorcion_Ergonomico\drivers" -I"D:\Maestria\APSW\Switch_De_Distorcion_Ergonomico\Switch_De_Distorcion_Ergonomico\03_Investigacion_y_Desarrollo\04_Implementacion_SW\Switch_De_Distorcion_Ergonomico\utilities" -I"D:\Maestria\APSW\Switch_De_Distorcion_Ergonomico\Switch_De_Distorcion_Ergonomico\03_Investigacion_y_Desarrollo\04_Implementacion_SW\Switch_De_Distorcion_Ergonomico\startup" -I"D:\Maestria\APSW\Switch_De_Distorcion_Ergonomico\Switch_De_Distorcion_Ergonomico\03_Investigacion_y_Desarrollo\04_Implementacion_SW\Switch_De_Distorcion_Ergonomico\CMSIS" -I"D:\Maestria\APSW\Switch_De_Distorcion_Ergonomico\Switch_De_Distorcion_Ergonomico\03_Investigacion_y_Desarrollo\04_Implementacion_SW\Switch_De_Distorcion_Ergonomico\Application" -I"D:\Maestria\APSW\Switch_De_Distorcion_Ergonomico\Switch_De_Distorcion_Ergonomico\03_Investigacion_y_Desarrollo\04_Implementacion_SW\Switch_De_Distorcion_Ergonomico\OS" -O0 -fno-common -g3 -Wall -c -fmessage-length=0 -fno-builtin -ffunction-sections -fdata-sections -mcpu=cortex-m0plus -mthumb -D__REDLIB__ -specs=redlib.specs -MMD -MP -MF"source/clock_config.d" -MT"source/clock_config.o" -MT"source/clock_config.d" -o "source/clock_config.o" "../source/clock_config.c"
Invoking: MCU C Compiler
Invoking: MCU C Compiler
arm-none-eabi-gcc -DCR_INTEGER_PRINTF -DSDK_DEBUGCONSOLE=0 -D__MCUXPRESSO -D__USE_CMSIS -DDEBUG -DFSL_RTOS_BM -DSDK_OS_BAREMETAL -DCPU_MKL25Z128VLK4 -DCPU_MKL25Z128VLK4_cm0plus -D__REDLIB__ -I"D:\Maestria\APSW\Switch_De_Distorcion_Ergonomico\Switch_De_Distorcion_Ergonomico\03_Investigacion_y_Desarrollo\04_Implementacion_SW\Switch_De_Distorcion_Ergonomico\source" -I"D:\Maestria\APSW\Switch_De_Distorcion_Ergonomico\Switch_De_Distorcion_Ergonomico\03_Investigacion_y_Desarrollo\04_Implementacion_SW\Switch_De_Distorcion_Ergonomico" -I"D:\Maestria\APSW\Switch_De_Distorcion_Ergonomico\Switch_De_Distorcion_Ergonomico\03_Investigacion_y_Desarrollo\04_Implementacion_SW\Switch_De_Distorcion_Ergonomico\drivers" -I"D:\Maestria\APSW\Switch_De_Distorcion_Ergonomico\Switch_De_Distorcion_Ergonomico\03_Investigacion_y_Desarrollo\04_Implementacion_SW\Switch_De_Distorcion_Ergonomico\utilities" -I"D:\Maestria\APSW\Switch_De_Distorcion_Ergonomico\Switch_De_Distorcion_Ergonomico\03_Investigacion_y_Desarrollo\04_Implementacion_SW\Switch_De_Distorcion_Ergonomico\startup" -I"D:\Maestria\APSW\Switch_De_Distorcion_Ergonomico\Switch_De_Distorcion_Ergonomico\03_Investigacion_y_Desarrollo\04_Implementacion_SW\Switch_De_Distorcion_Ergonomico\CMSIS" -I"D:\Maestria\APSW\Switch_De_Distorcion_Ergonomico\Switch_De_Distorcion_Ergonomico\03_Investigacion_y_Desarrollo\04_Implementacion_SW\Switch_De_Distorcion_Ergonomico\Application" -I"D:\Maestria\APSW\Switch_De_Distorcion_Ergonomico\Switch_De_Distorcion_Ergonomico\03_Investigacion_y_Desarrollo\04_Implementacion_SW\Switch_De_Distorcion_Ergonomico\OS" -O0 -fno-common -g3 -Wall -c -fmessage-length=0 -fno-builtin -ffunction-sections -fdata-sections -mcpu=cortex-m0plus -mthumb -D__REDLIB__ -specs=redlib.specs -MMD -MP -MF"source/main.d" -MT"source/main.o" -MT"source/main.d" -o "source/main.o" "../source/main.c"
arm-none-eabi-gcc -DCR_INTEGER_PRINTF -DSDK_DEBUGCONSOLE=0 -D__MCUXPRESSO -D__USE_CMSIS -DDEBUG -DFSL_RTOS_BM -DSDK_OS_BAREMETAL -DCPU_MKL25Z128VLK4 -DCPU_MKL25Z128VLK4_cm0plus -D__REDLIB__ -I"D:\Maestria\APSW\Switch_De_Distorcion_Ergonomico\Switch_De_Distorcion_Ergonomico\03_Investigacion_y_Desarrollo\04_Implementacion_SW\Switch_De_Distorcion_Ergonomico\source" -I"D:\Maestria\APSW\Switch_De_Distorcion_Ergonomico\Switch_De_Distorcion_Ergonomico\03_Investigacion_y_Desarrollo\04_Implementacion_SW\Switch_De_Distorcion_Ergonomico" -I"D:\Maestria\APSW\Switch_De_Distorcion_Ergonomico\Switch_De_Distorcion_Ergonomico\03_Investigacion_y_Desarrollo\04_Implementacion_SW\Switch_De_Distorcion_Ergonomico\drivers" -I"D:\Maestria\APSW\Switch_De_Distorcion_Ergonomico\Switch_De_Distorcion_Ergonomico\03_Investigacion_y_Desarrollo\04_Implementacion_SW\Switch_De_Distorcion_Ergonomico\utilities" -I"D:\Maestria\APSW\Switch_De_Distorcion_Ergonomico\Switch_De_Distorcion_Ergonomico\03_Investigacion_y_Desarrollo\04_Implementacion_SW\Switch_De_Distorcion_Ergonomico\startup" -I"D:\Maestria\APSW\Switch_De_Distorcion_Ergonomico\Switch_De_Distorcion_Ergonomico\03_Investigacion_y_Desarrollo\04_Implementacion_SW\Switch_De_Distorcion_Ergonomico\CMSIS" -I"D:\Maestria\APSW\Switch_De_Distorcion_Ergonomico\Switch_De_Distorcion_Ergonomico\03_Investigacion_y_Desarrollo\04_Implementacion_SW\Switch_De_Distorcion_Ergonomico\Application" -I"D:\Maestria\APSW\Switch_De_Distorcion_Ergonomico\Switch_De_Distorcion_Ergonomico\03_Investigacion_y_Desarrollo\04_Implementacion_SW\Switch_De_Distorcion_Ergonomico\OS" -O0 -fno-common -g3 -Wall -c -fmessage-length=0 -fno-builtin -ffunction-sections -fdata-sections -mcpu=cortex-m0plus -mthumb -D__REDLIB__ -specs=redlib.specs -MMD -MP -MF"drivers/fsl_adc16.d" -MT"drivers/fsl_adc16.o" -MT"drivers/fsl_adc16.d" -o "drivers/fsl_adc16.o" "../drivers/fsl_adc16.c"
Invoking: MCU C Compiler
arm-none-eabi-gcc -DCR_INTEGER_PRINTF -DSDK_DEBUGCONSOLE=0 -D__MCUXPRESSO -D__USE_CMSIS -DDEBUG -DFSL_RTOS_BM -DSDK_OS_BAREMETAL -DCPU_MKL25Z128VLK4 -DCPU_MKL25Z128VLK4_cm0plus -D__REDLIB__ -I"D:\Maestria\APSW\Switch_De_Distorcion_Ergonomico\Switch_De_Distorcion_Ergonomico\03_Investigacion_y_Desarrollo\04_Implementacion_SW\Switch_De_Distorcion_Ergonomico\source" -I"D:\Maestria\APSW\Switch_De_Distorcion_Ergonomico\Switch_De_Distorcion_Ergonomico\03_Investigacion_y_Desarrollo\04_Implementacion_SW\Switch_De_Distorcion_Ergonomico" -I"D:\Maestria\APSW\Switch_De_Distorcion_Ergonomico\Switch_De_Distorcion_Ergonomico\03_Investigacion_y_Desarrollo\04_Implementacion_SW\Switch_De_Distorcion_Ergonomico\drivers" -I"D:\Maestria\APSW\Switch_De_Distorcion_Ergonomico\Switch_De_Distorcion_Ergonomico\03_Investigacion_y_Desarrollo\04_Implementacion_SW\Switch_De_Distorcion_Ergonomico\utilities" -I"D:\Maestria\APSW\Switch_De_Distorcion_Ergonomico\Switch_De_Distorcion_Ergonomico\03_Investigacion_y_Desarrollo\04_Implementacion_SW\Switch_De_Distorcion_Ergonomico\startup" -I"D:\Maestria\APSW\Switch_De_Distorcion_Ergonomico\Switch_De_Distorcion_Ergonomico\03_Investigacion_y_Desarrollo\04_Implementacion_SW\Switch_De_Distorcion_Ergonomico\CMSIS" -I"D:\Maestria\APSW\Switch_De_Distorcion_Ergonomico\Switch_De_Distorcion_Ergonomico\03_Investigacion_y_Desarrollo\04_Implementacion_SW\Switch_De_Distorcion_Ergonomico\Application" -I"D:\Maestria\APSW\Switch_De_Distorcion_Ergonomico\Switch_De_Distorcion_Ergonomico\03_Investigacion_y_Desarrollo\04_Implementacion_SW\Switch_De_Distorcion_Ergonomico\OS" -O0 -fno-common -g3 -Wall -c -fmessage-length=0 -fno-builtin -ffunction-sections -fdata-sections -mcpu=cortex-m0plus -mthumb -D__REDLIB__ -specs=redlib.specs -MMD -MP -MF"source/mtb.d" -MT"source/mtb.o" -MT"source/mtb.d" -o "source/mtb.o" "../source/mtb.c"
Invoking: MCU C Compiler
arm-none-eabi-gcc -DCR_INTEGER_PRINTF -DSDK_DEBUGCONSOLE=0 -D__MCUXPRESSO -D__USE_CMSIS -DDEBUG -DFSL_RTOS_BM -DSDK_OS_BAREMETAL -DCPU_MKL25Z128VLK4 -DCPU_MKL25Z128VLK4_cm0plus -D__REDLIB__ -I"D:\Maestria\APSW\Switch_De_Distorcion_Ergonomico\Switch_De_Distorcion_Ergonomico\03_Investigacion_y_Desarrollo\04_Implementacion_SW\Switch_De_Distorcion_Ergonomico\source" -I"D:\Maestria\APSW\Switch_De_Distorcion_Ergonomico\Switch_De_Distorcion_Ergonomico\03_Investigacion_y_Desarrollo\04_Implementacion_SW\Switch_De_Distorcion_Ergonomico" -I"D:\Maestria\APSW\Switch_De_Distorcion_Ergonomico\Switch_De_Distorcion_Ergonomico\03_Investigacion_y_Desarrollo\04_Implementacion_SW\Switch_De_Distorcion_Ergonomico\drivers" -I"D:\Maestria\APSW\Switch_De_Distorcion_Ergonomico\Switch_De_Distorcion_Ergonomico\03_Investigacion_y_Desarrollo\04_Implementacion_SW\Switch_De_Distorcion_Ergonomico\utilities" -I"D:\Maestria\APSW\Switch_De_Distorcion_Ergonomico\Switch_De_Distorcion_Ergonomico\03_Investigacion_y_Desarrollo\04_Implementacion_SW\Switch_De_Distorcion_Ergonomico\startup" -I"D:\Maestria\APSW\Switch_De_Distorcion_Ergonomico\Switch_De_Distorcion_Ergonomico\03_Investigacion_y_Desarrollo\04_Implementacion_SW\Switch_De_Distorcion_Ergonomico\CMSIS" -I"D:\Maestria\APSW\Switch_De_Distorcion_Ergonomico\Switch_De_Distorcion_Ergonomico\03_Investigacion_y_Desarrollo\04_Implementacion_SW\Switch_De_Distorcion_Ergonomico\Application" -I"D:\Maestria\APSW\Switch_De_Distorcion_Ergonomico\Switch_De_Distorcion_Ergonomico\03_Investigacion_y_Desarrollo\04_Implementacion_SW\Switch_De_Distorcion_Ergonomico\OS" -O0 -fno-common -g3 -Wall -c -fmessage-length=0 -fno-builtin -ffunction-sections -fdata-sections -mcpu=cortex-m0plus -mthumb -D__REDLIB__ -specs=redlib.specs -MMD -MP -MF"source/pin_mux.d" -MT"source/pin_mux.o" -MT"source/pin_mux.d" -o "source/pin_mux.o" "../source/pin_mux.c"
../source/main.c: In function 'main':
../source/main.c:68:3: warning: implicit declaration of function 'OS_Sched_Core_Loop' [-Wimplicit-function-declaration]
   OS_Sched_Core_Loop();
   ^
Finished building: ../startup/startup_mkl25z4.c
 
Finished building: ../source/mtb.c
Building file: ../drivers/fsl_clock.c
 
Invoking: MCU C Compiler
arm-none-eabi-gcc -DCR_INTEGER_PRINTF -DSDK_DEBUGCONSOLE=0 -D__MCUXPRESSO -D__USE_CMSIS -DDEBUG -DFSL_RTOS_BM -DSDK_OS_BAREMETAL -DCPU_MKL25Z128VLK4 -DCPU_MKL25Z128VLK4_cm0plus -D__REDLIB__ -I"D:\Maestria\APSW\Switch_De_Distorcion_Ergonomico\Switch_De_Distorcion_Ergonomico\03_Investigacion_y_Desarrollo\04_Implementacion_SW\Switch_De_Distorcion_Ergonomico\source" -I"D:\Maestria\APSW\Switch_De_Distorcion_Ergonomico\Switch_De_Distorcion_Ergonomico\03_Investigacion_y_Desarrollo\04_Implementacion_SW\Switch_De_Distorcion_Ergonomico" -I"D:\Maestria\APSW\Switch_De_Distorcion_Ergonomico\Switch_De_Distorcion_Ergonomico\03_Investigacion_y_Desarrollo\04_Implementacion_SW\Switch_De_Distorcion_Ergonomico\drivers" -I"D:\Maestria\APSW\Switch_De_Distorcion_Ergonomico\Switch_De_Distorcion_Ergonomico\03_Investigacion_y_Desarrollo\04_Implementacion_SW\Switch_De_Distorcion_Ergonomico\utilities" -I"D:\Maestria\APSW\Switch_De_Distorcion_Ergonomico\Switch_De_Distorcion_Ergonomico\03_Investigacion_y_Desarrollo\04_Implementacion_SW\Switch_De_Distorcion_Ergonomico\startup" -I"D:\Maestria\APSW\Switch_De_Distorcion_Ergonomico\Switch_De_Distorcion_Ergonomico\03_Investigacion_y_Desarrollo\04_Implementacion_SW\Switch_De_Distorcion_Ergonomico\CMSIS" -I"D:\Maestria\APSW\Switch_De_Distorcion_Ergonomico\Switch_De_Distorcion_Ergonomico\03_Investigacion_y_Desarrollo\04_Implementacion_SW\Switch_De_Distorcion_Ergonomico\Application" -I"D:\Maestria\APSW\Switch_De_Distorcion_Ergonomico\Switch_De_Distorcion_Ergonomico\03_Investigacion_y_Desarrollo\04_Implementacion_SW\Switch_De_Distorcion_Ergonomico\OS" -O0 -fno-common -g3 -Wall -c -fmessage-length=0 -fno-builtin -ffunction-sections -fdata-sections -mcpu=cortex-m0plus -mthumb -D__REDLIB__ -specs=redlib.specs -MMD -MP -MF"drivers/fsl_clock.d" -MT"drivers/fsl_clock.o" -MT"drivers/fsl_clock.d" -o "drivers/fsl_clock.o" "../drivers/fsl_clock.c"
Finished building: ../source/board.c
Building file: ../drivers/fsl_cmp.c
 
Invoking: MCU C Compiler
Finished building: ../source/main.c
arm-none-eabi-gcc -DCR_INTEGER_PRINTF -DSDK_DEBUGCONSOLE=0 -D__MCUXPRESSO -D__USE_CMSIS -DDEBUG -DFSL_RTOS_BM -DSDK_OS_BAREMETAL -DCPU_MKL25Z128VLK4 -DCPU_MKL25Z128VLK4_cm0plus -D__REDLIB__ -I"D:\Maestria\APSW\Switch_De_Distorcion_Ergonomico\Switch_De_Distorcion_Ergonomico\03_Investigacion_y_Desarrollo\04_Implementacion_SW\Switch_De_Distorcion_Ergonomico\source" -I"D:\Maestria\APSW\Switch_De_Distorcion_Ergonomico\Switch_De_Distorcion_Ergonomico\03_Investigacion_y_Desarrollo\04_Implementacion_SW\Switch_De_Distorcion_Ergonomico" -I"D:\Maestria\APSW\Switch_De_Distorcion_Ergonomico\Switch_De_Distorcion_Ergonomico\03_Investigacion_y_Desarrollo\04_Implementacion_SW\Switch_De_Distorcion_Ergonomico\drivers" -I"D:\Maestria\APSW\Switch_De_Distorcion_Ergonomico\Switch_De_Distorcion_Ergonomico\03_Investigacion_y_Desarrollo\04_Implementacion_SW\Switch_De_Distorcion_Ergonomico\utilities" -I"D:\Maestria\APSW\Switch_De_Distorcion_Ergonomico\Switch_De_Distorcion_Ergonomico\03_Investigacion_y_Desarrollo\04_Implementacion_SW\Switch_De_Distorcion_Ergonomico\startup" -I"D:\Maestria\APSW\Switch_De_Distorcion_Ergonomico\Switch_De_Distorcion_Ergonomico\03_Investigacion_y_Desarrollo\04_Implementacion_SW\Switch_De_Distorcion_Ergonomico\CMSIS" -I"D:\Maestria\APSW\Switch_De_Distorcion_Ergonomico\Switch_De_Distorcion_Ergonomico\03_Investigacion_y_Desarrollo\04_Implementacion_SW\Switch_De_Distorcion_Ergonomico\Application" -I"D:\Maestria\APSW\Switch_De_Distorcion_Ergonomico\Switch_De_Distorcion_Ergonomico\03_Investigacion_y_Desarrollo\04_Implementacion_SW\Switch_De_Distorcion_Ergonomico\OS" -O0 -fno-common -g3 -Wall -c -fmessage-length=0 -fno-builtin -ffunction-sections -fdata-sections -mcpu=cortex-m0plus -mthumb -D__REDLIB__ -specs=redlib.specs -MMD -MP -MF"drivers/fsl_cmp.d" -MT"drivers/fsl_cmp.o" -MT"drivers/fsl_cmp.d" -o "drivers/fsl_cmp.o" "../drivers/fsl_cmp.c"
Building file: ../drivers/fsl_common.c
Finished building: ../source/pin_mux.c
 
Finished building: ../utilities/fsl_debug_console.c
make: stat: drivers/fsl_dac.o: Bad file number
Invoking: MCU C Compiler
arm-none-eabi-gcc -DCR_INTEGER_PRINTF -DSDK_DEBUGCONSOLE=0 -D__MCUXPRESSO -D__USE_CMSIS -DDEBUG -DFSL_RTOS_BM -DSDK_OS_BAREMETAL -DCPU_MKL25Z128VLK4 -DCPU_MKL25Z128VLK4_cm0plus -D__REDLIB__ -I"D:\Maestria\APSW\Switch_De_Distorcion_Ergonomico\Switch_De_Distorcion_Ergonomico\03_Investigacion_y_Desarrollo\04_Implementacion_SW\Switch_De_Distorcion_Ergonomico\source" -I"D:\Maestria\APSW\Switch_De_Distorcion_Ergonomico\Switch_De_Distorcion_Ergonomico\03_Investigacion_y_Desarrollo\04_Implementacion_SW\Switch_De_Distorcion_Ergonomico" -I"D:\Maestria\APSW\Switch_De_Distorcion_Ergonomico\Switch_De_Distorcion_Ergonomico\03_Investigacion_y_Desarrollo\04_Implementacion_SW\Switch_De_Distorcion_Ergonomico\drivers" -I"D:\Maestria\APSW\Switch_De_Distorcion_Ergonomico\Switch_De_Distorcion_Ergonomico\03_Investigacion_y_Desarrollo\04_Implementacion_SW\Switch_De_Distorcion_Ergonomico\utilities" -I"D:\Maestria\APSW\Switch_De_Distorcion_Ergonomico\Switch_De_Distorcion_Ergonomico\03_Investigacion_y_Desarrollo\04_Implementacion_SW\Switch_De_Distorcion_Ergonomico\startup" -I"D:\Maestria\APSW\Switch_De_Distorcion_Ergonomico\Switch_De_Distorcion_Ergonomico\03_Investigacion_y_Desarrollo\04_Implementacion_SW\Switch_De_Distorcion_Ergonomico\CMSIS" -I"D:\Maestria\APSW\Switch_De_Distorcion_Ergonomico\Switch_De_Distorcion_Ergonomico\03_Investigacion_y_Desarrollo\04_Implementacion_SW\Switch_De_Distorcion_Ergonomico\Application" -I"D:\Maestria\APSW\Switch_De_Distorcion_Ergonomico\Switch_De_Distorcion_Ergonomico\03_Investigacion_y_Desarrollo\04_Implementacion_SW\Switch_De_Distorcion_Ergonomico\OS" -O0 -fno-common -g3 -Wall -c -fmessage-length=0 -fno-builtin -ffunction-sections -fdata-sections -mcpu=cortex-m0plus -mthumb -D__REDLIB__ -specs=redlib.specs -MMD -MP -MF"drivers/fsl_common.d" -MT"drivers/fsl_common.o" -MT"drivers/fsl_common.d" -o "drivers/fsl_common.o" "../drivers/fsl_common.c"
Finished building: ../drivers/fsl_adc16.c
 
Building file: ../drivers/fsl_cop.c
 
 
Building file: ../drivers/fsl_dac.c
Invoking: MCU C Compiler
arm-none-eabi-gcc -DCR_INTEGER_PRINTF -DSDK_DEBUGCONSOLE=0 -D__MCUXPRESSO -D__USE_CMSIS -DDEBUG -DFSL_RTOS_BM -DSDK_OS_BAREMETAL -DCPU_MKL25Z128VLK4 -DCPU_MKL25Z128VLK4_cm0plus -D__REDLIB__ -I"D:\Maestria\APSW\Switch_De_Distorcion_Ergonomico\Switch_De_Distorcion_Ergonomico\03_Investigacion_y_Desarrollo\04_Implementacion_SW\Switch_De_Distorcion_Ergonomico\source" -I"D:\Maestria\APSW\Switch_De_Distorcion_Ergonomico\Switch_De_Distorcion_Ergonomico\03_Investigacion_y_Desarrollo\04_Implementacion_SW\Switch_De_Distorcion_Ergonomico" -I"D:\Maestria\APSW\Switch_De_Distorcion_Ergonomico\Switch_De_Distorcion_Ergonomico\03_Investigacion_y_Desarrollo\04_Implementacion_SW\Switch_De_Distorcion_Ergonomico\drivers" -I"D:\Maestria\APSW\Switch_De_Distorcion_Ergonomico\Switch_De_Distorcion_Ergonomico\03_Investigacion_y_Desarrollo\04_Implementacion_SW\Switch_De_Distorcion_Ergonomico\utilities" -I"D:\Maestria\APSW\Switch_De_Distorcion_Ergonomico\Switch_De_Distorcion_Ergonomico\03_Investigacion_y_Desarrollo\04_Implementacion_SW\Switch_De_Distorcion_Ergonomico\startup" -I"D:\Maestria\APSW\Switch_De_Distorcion_Ergonomico\Switch_De_Distorcion_Ergonomico\03_Investigacion_y_Desarrollo\04_Implementacion_SW\Switch_De_Distorcion_Ergonomico\CMSIS" -I"D:\Maestria\APSW\Switch_De_Distorcion_Ergonomico\Switch_De_Distorcion_Ergonomico\03_Investigacion_y_Desarrollo\04_Implementacion_SW\Switch_De_Distorcion_Ergonomico\Application" -I"D:\Maestria\APSW\Switch_De_Distorcion_Ergonomico\Switch_De_Distorcion_Ergonomico\03_Investigacion_y_Desarrollo\04_Implementacion_SW\Switch_De_Distorcion_Ergonomico\OS" -O0 -fno-common -g3 -Wall -c -fmessage-length=0 -fno-builtin -ffunction-sections -fdata-sections -mcpu=cortex-m0plus -mthumb -D__REDLIB__ -specs=redlib.specs -MMD -MP -MF"drivers/fsl_cop.d" -MT"drivers/fsl_cop.o" -MT"drivers/fsl_cop.d" -o "drivers/fsl_cop.o" "../drivers/fsl_cop.c"
Building file: ../drivers/fsl_dma.c
Finished building: ../source/clock_config.c
Building file: ../drivers/fsl_dmamux.c
Invoking: MCU C Compiler
arm-none-eabi-gcc -DCR_INTEGER_PRINTF -DSDK_DEBUGCONSOLE=0 -D__MCUXPRESSO -D__USE_CMSIS -DDEBUG -DFSL_RTOS_BM -DSDK_OS_BAREMETAL -DCPU_MKL25Z128VLK4 -DCPU_MKL25Z128VLK4_cm0plus -D__REDLIB__ -I"D:\Maestria\APSW\Switch_De_Distorcion_Ergonomico\Switch_De_Distorcion_Ergonomico\03_Investigacion_y_Desarrollo\04_Implementacion_SW\Switch_De_Distorcion_Ergonomico\source" -I"D:\Maestria\APSW\Switch_De_Distorcion_Ergonomico\Switch_De_Distorcion_Ergonomico\03_Investigacion_y_Desarrollo\04_Implementacion_SW\Switch_De_Distorcion_Ergonomico" -I"D:\Maestria\APSW\Switch_De_Distorcion_Ergonomico\Switch_De_Distorcion_Ergonomico\03_Investigacion_y_Desarrollo\04_Implementacion_SW\Switch_De_Distorcion_Ergonomico\drivers" -I"D:\Maestria\APSW\Switch_De_Distorcion_Ergonomico\Switch_De_Distorcion_Ergonomico\03_Investigacion_y_Desarrollo\04_Implementacion_SW\Switch_De_Distorcion_Ergonomico\utilities" -I"D:\Maestria\APSW\Switch_De_Distorcion_Ergonomico\Switch_De_Distorcion_Ergonomico\03_Investigacion_y_Desarrollo\04_Implementacion_SW\Switch_De_Distorcion_Ergonomico\startup" -I"D:\Maestria\APSW\Switch_De_Distorcion_Ergonomico\Switch_De_Distorcion_Ergonomico\03_Investigacion_y_Desarrollo\04_Implementacion_SW\Switch_De_Distorcion_Ergonomico\CMSIS" -I"D:\Maestria\APSW\Switch_De_Distorcion_Ergonomico\Switch_De_Distorcion_Ergonomico\03_Investigacion_y_Desarrollo\04_Implementacion_SW\Switch_De_Distorcion_Ergonomico\Application" -I"D:\Maestria\APSW\Switch_De_Distorcion_Ergonomico\Switch_De_Distorcion_Ergonomico\03_Investigacion_y_Desarrollo\04_Implementacion_SW\Switch_De_Distorcion_Ergonomico\OS" -O0 -fno-common -g3 -Wall -c -fmessage-length=0 -fno-builtin -ffunction-sections -fdata-sections -mcpu=cortex-m0plus -mthumb -D__REDLIB__ -specs=redlib.specs -MMD -MP -MF"drivers/fsl_dac.d" -MT"drivers/fsl_dac.o" -MT"drivers/fsl_dac.d" -o "drivers/fsl_dac.o" "../drivers/fsl_dac.c"
Invoking: MCU C Compiler
arm-none-eabi-gcc -DCR_INTEGER_PRINTF -DSDK_DEBUGCONSOLE=0 -D__MCUXPRESSO -D__USE_CMSIS -DDEBUG -DFSL_RTOS_BM -DSDK_OS_BAREMETAL -DCPU_MKL25Z128VLK4 -DCPU_MKL25Z128VLK4_cm0plus -D__REDLIB__ -I"D:\Maestria\APSW\Switch_De_Distorcion_Ergonomico\Switch_De_Distorcion_Ergonomico\03_Investigacion_y_Desarrollo\04_Implementacion_SW\Switch_De_Distorcion_Ergonomico\source" -I"D:\Maestria\APSW\Switch_De_Distorcion_Ergonomico\Switch_De_Distorcion_Ergonomico\03_Investigacion_y_Desarrollo\04_Implementacion_SW\Switch_De_Distorcion_Ergonomico" -I"D:\Maestria\APSW\Switch_De_Distorcion_Ergonomico\Switch_De_Distorcion_Ergonomico\03_Investigacion_y_Desarrollo\04_Implementacion_SW\Switch_De_Distorcion_Ergonomico\drivers" -I"D:\Maestria\APSW\Switch_De_Distorcion_Ergonomico\Switch_De_Distorcion_Ergonomico\03_Investigacion_y_Desarrollo\04_Implementacion_SW\Switch_De_Distorcion_Ergonomico\utilities" -I"D:\Maestria\APSW\Switch_De_Distorcion_Ergonomico\Switch_De_Distorcion_Ergonomico\03_Investigacion_y_Desarrollo\04_Implementacion_SW\Switch_De_Distorcion_Ergonomico\startup" -I"D:\Maestria\APSW\Switch_De_Distorcion_Ergonomico\Switch_De_Distorcion_Ergonomico\03_Investigacion_y_Desarrollo\04_Implementacion_SW\Switch_De_Distorcion_Ergonomico\CMSIS" -I"D:\Maestria\APSW\Switch_De_Distorcion_Ergonomico\Switch_De_Distorcion_Ergonomico\03_Investigacion_y_Desarrollo\04_Implementacion_SW\Switch_De_Distorcion_Ergonomico\Application" -I"D:\Maestria\APSW\Switch_De_Distorcion_Ergonomico\Switch_De_Distorcion_Ergonomico\03_Investigacion_y_Desarrollo\04_Implementacion_SW\Switch_De_Distorcion_Ergonomico\OS" -O0 -fno-common -g3 -Wall -c -fmessage-length=0 -fno-builtin -ffunction-sections -fdata-sections -mcpu=cortex-m0plus -mthumb -D__REDLIB__ -specs=redlib.specs -MMD -MP -MF"drivers/fsl_dma.d" -MT"drivers/fsl_dma.o" -MT"drivers/fsl_dma.d" -o "drivers/fsl_dma.o" "../drivers/fsl_dma.c"
Invoking: MCU C Compiler
 
arm-none-eabi-gcc -DCR_INTEGER_PRINTF -DSDK_DEBUGCONSOLE=0 -D__MCUXPRESSO -D__USE_CMSIS -DDEBUG -DFSL_RTOS_BM -DSDK_OS_BAREMETAL -DCPU_MKL25Z128VLK4 -DCPU_MKL25Z128VLK4_cm0plus -D__REDLIB__ -I"D:\Maestria\APSW\Switch_De_Distorcion_Ergonomico\Switch_De_Distorcion_Ergonomico\03_Investigacion_y_Desarrollo\04_Implementacion_SW\Switch_De_Distorcion_Ergonomico\source" -I"D:\Maestria\APSW\Switch_De_Distorcion_Ergonomico\Switch_De_Distorcion_Ergonomico\03_Investigacion_y_Desarrollo\04_Implementacion_SW\Switch_De_Distorcion_Ergonomico" -I"D:\Maestria\APSW\Switch_De_Distorcion_Ergonomico\Switch_De_Distorcion_Ergonomico\03_Investigacion_y_Desarrollo\04_Implementacion_SW\Switch_De_Distorcion_Ergonomico\drivers" -I"D:\Maestria\APSW\Switch_De_Distorcion_Ergonomico\Switch_De_Distorcion_Ergonomico\03_Investigacion_y_Desarrollo\04_Implementacion_SW\Switch_De_Distorcion_Ergonomico\utilities" -I"D:\Maestria\APSW\Switch_De_Distorcion_Ergonomico\Switch_De_Distorcion_Ergonomico\03_Investigacion_y_Desarrollo\04_Implementacion_SW\Switch_De_Distorcion_Ergonomico\startup" -I"D:\Maestria\APSW\Switch_De_Distorcion_Ergonomico\Switch_De_Distorcion_Ergonomico\03_Investigacion_y_Desarrollo\04_Implementacion_SW\Switch_De_Distorcion_Ergonomico\CMSIS" -I"D:\Maestria\APSW\Switch_De_Distorcion_Ergonomico\Switch_De_Distorcion_Ergonomico\03_Investigacion_y_Desarrollo\04_Implementacion_SW\Switch_De_Distorcion_Ergonomico\Application" -I"D:\Maestria\APSW\Switch_De_Distorcion_Ergonomico\Switch_De_Distorcion_Ergonomico\03_Investigacion_y_Desarrollo\04_Implementacion_SW\Switch_De_Distorcion_Ergonomico\OS" -O0 -fno-common -g3 -Wall -c -fmessage-length=0 -fno-builtin -ffunction-sections -fdata-sections -mcpu=cortex-m0plus -mthumb -D__REDLIB__ -specs=redlib.specs -MMD -MP -MF"drivers/fsl_dmamux.d" -MT"drivers/fsl_dmamux.o" -MT"drivers/fsl_dmamux.d" -o "drivers/fsl_dmamux.o" "../drivers/fsl_dmamux.c"
Building file: ../drivers/fsl_flash.c
Invoking: MCU C Compiler
arm-none-eabi-gcc -DCR_INTEGER_PRINTF -DSDK_DEBUGCONSOLE=0 -D__MCUXPRESSO -D__USE_CMSIS -DDEBUG -DFSL_RTOS_BM -DSDK_OS_BAREMETAL -DCPU_MKL25Z128VLK4 -DCPU_MKL25Z128VLK4_cm0plus -D__REDLIB__ -I"D:\Maestria\APSW\Switch_De_Distorcion_Ergonomico\Switch_De_Distorcion_Ergonomico\03_Investigacion_y_Desarrollo\04_Implementacion_SW\Switch_De_Distorcion_Ergonomico\source" -I"D:\Maestria\APSW\Switch_De_Distorcion_Ergonomico\Switch_De_Distorcion_Ergonomico\03_Investigacion_y_Desarrollo\04_Implementacion_SW\Switch_De_Distorcion_Ergonomico" -I"D:\Maestria\APSW\Switch_De_Distorcion_Ergonomico\Switch_De_Distorcion_Ergonomico\03_Investigacion_y_Desarrollo\04_Implementacion_SW\Switch_De_Distorcion_Ergonomico\drivers" -I"D:\Maestria\APSW\Switch_De_Distorcion_Ergonomico\Switch_De_Distorcion_Ergonomico\03_Investigacion_y_Desarrollo\04_Implementacion_SW\Switch_De_Distorcion_Ergonomico\utilities" -I"D:\Maestria\APSW\Switch_De_Distorcion_Ergonomico\Switch_De_Distorcion_Ergonomico\03_Investigacion_y_Desarrollo\04_Implementacion_SW\Switch_De_Distorcion_Ergonomico\startup" -I"D:\Maestria\APSW\Switch_De_Distorcion_Ergonomico\Switch_De_Distorcion_Ergonomico\03_Investigacion_y_Desarrollo\04_Implementacion_SW\Switch_De_Distorcion_Ergonomico\CMSIS" -I"D:\Maestria\APSW\Switch_De_Distorcion_Ergonomico\Switch_De_Distorcion_Ergonomico\03_Investigacion_y_Desarrollo\04_Implementacion_SW\Switch_De_Distorcion_Ergonomico\Application" -I"D:\Maestria\APSW\Switch_De_Distorcion_Ergonomico\Switch_De_Distorcion_Ergonomico\03_Investigacion_y_Desarrollo\04_Implementacion_SW\Switch_De_Distorcion_Ergonomico\OS" -O0 -fno-common -g3 -Wall -c -fmessage-length=0 -fno-builtin -ffunction-sections -fdata-sections -mcpu=cortex-m0plus -mthumb -D__REDLIB__ -specs=redlib.specs -MMD -MP -MF"drivers/fsl_flash.d" -MT"drivers/fsl_flash.o" -MT"drivers/fsl_flash.d" -o "drivers/fsl_flash.o" "../drivers/fsl_flash.c"
Finished building: ../drivers/fsl_cmp.c
Finished building: ../drivers/fsl_clock.c
Finished building: ../drivers/fsl_common.c
 
 
 
Building file: ../drivers/fsl_gpio.c
Finished building: ../drivers/fsl_cop.c
Building file: ../drivers/fsl_i2c.c
Building file: ../drivers/fsl_i2c_dma.c
Invoking: MCU C Compiler
arm-none-eabi-gcc -DCR_INTEGER_PRINTF -DSDK_DEBUGCONSOLE=0 -D__MCUXPRESSO -D__USE_CMSIS -DDEBUG -DFSL_RTOS_BM -DSDK_OS_BAREMETAL -DCPU_MKL25Z128VLK4 -DCPU_MKL25Z128VLK4_cm0plus -D__REDLIB__ -I"D:\Maestria\APSW\Switch_De_Distorcion_Ergonomico\Switch_De_Distorcion_Ergonomico\03_Investigacion_y_Desarrollo\04_Implementacion_SW\Switch_De_Distorcion_Ergonomico\source" -I"D:\Maestria\APSW\Switch_De_Distorcion_Ergonomico\Switch_De_Distorcion_Ergonomico\03_Investigacion_y_Desarrollo\04_Implementacion_SW\Switch_De_Distorcion_Ergonomico" -I"D:\Maestria\APSW\Switch_De_Distorcion_Ergonomico\Switch_De_Distorcion_Ergonomico\03_Investigacion_y_Desarrollo\04_Implementacion_SW\Switch_De_Distorcion_Ergonomico\drivers" -I"D:\Maestria\APSW\Switch_De_Distorcion_Ergonomico\Switch_De_Distorcion_Ergonomico\03_Investigacion_y_Desarrollo\04_Implementacion_SW\Switch_De_Distorcion_Ergonomico\utilities" -I"D:\Maestria\APSW\Switch_De_Distorcion_Ergonomico\Switch_De_Distorcion_Ergonomico\03_Investigacion_y_Desarrollo\04_Implementacion_SW\Switch_De_Distorcion_Ergonomico\startup" -I"D:\Maestria\APSW\Switch_De_Distorcion_Ergonomico\Switch_De_Distorcion_Ergonomico\03_Investigacion_y_Desarrollo\04_Implementacion_SW\Switch_De_Distorcion_Ergonomico\CMSIS" -I"D:\Maestria\APSW\Switch_De_Distorcion_Ergonomico\Switch_De_Distorcion_Ergonomico\03_Investigacion_y_Desarrollo\04_Implementacion_SW\Switch_De_Distorcion_Ergonomico\Application" -I"D:\Maestria\APSW\Switch_De_Distorcion_Ergonomico\Switch_De_Distorcion_Ergonomico\03_Investigacion_y_Desarrollo\04_Implementacion_SW\Switch_De_Distorcion_Ergonomico\OS" -O0 -fno-common -g3 -Wall -c -fmessage-length=0 -fno-builtin -ffunction-sections -fdata-sections -mcpu=cortex-m0plus -mthumb -D__REDLIB__ -specs=redlib.specs -MMD -MP -MF"drivers/fsl_gpio.d" -MT"drivers/fsl_gpio.o" -MT"drivers/fsl_gpio.d" -o "drivers/fsl_gpio.o" "../drivers/fsl_gpio.c"
 
Finished building: ../drivers/fsl_dac.c
Invoking: MCU C Compiler
Invoking: MCU C Compiler
arm-none-eabi-gcc -DCR_INTEGER_PRINTF -DSDK_DEBUGCONSOLE=0 -D__MCUXPRESSO -D__USE_CMSIS -DDEBUG -DFSL_RTOS_BM -DSDK_OS_BAREMETAL -DCPU_MKL25Z128VLK4 -DCPU_MKL25Z128VLK4_cm0plus -D__REDLIB__ -I"D:\Maestria\APSW\Switch_De_Distorcion_Ergonomico\Switch_De_Distorcion_Ergonomico\03_Investigacion_y_Desarrollo\04_Implementacion_SW\Switch_De_Distorcion_Ergonomico\source" -I"D:\Maestria\APSW\Switch_De_Distorcion_Ergonomico\Switch_De_Distorcion_Ergonomico\03_Investigacion_y_Desarrollo\04_Implementacion_SW\Switch_De_Distorcion_Ergonomico" -I"D:\Maestria\APSW\Switch_De_Distorcion_Ergonomico\Switch_De_Distorcion_Ergonomico\03_Investigacion_y_Desarrollo\04_Implementacion_SW\Switch_De_Distorcion_Ergonomico\drivers" -I"D:\Maestria\APSW\Switch_De_Distorcion_Ergonomico\Switch_De_Distorcion_Ergonomico\03_Investigacion_y_Desarrollo\04_Implementacion_SW\Switch_De_Distorcion_Ergonomico\utilities" -I"D:\Maestria\APSW\Switch_De_Distorcion_Ergonomico\Switch_De_Distorcion_Ergonomico\03_Investigacion_y_Desarrollo\04_Implementacion_SW\Switch_De_Distorcion_Ergonomico\startup" -I"D:\Maestria\APSW\Switch_De_Distorcion_Ergonomico\Switch_De_Distorcion_Ergonomico\03_Investigacion_y_Desarrollo\04_Implementacion_SW\Switch_De_Distorcion_Ergonomico\CMSIS" -I"D:\Maestria\APSW\Switch_De_Distorcion_Ergonomico\Switch_De_Distorcion_Ergonomico\03_Investigacion_y_Desarrollo\04_Implementacion_SW\Switch_De_Distorcion_Ergonomico\Application" -I"D:\Maestria\APSW\Switch_De_Distorcion_Ergonomico\Switch_De_Distorcion_Ergonomico\03_Investigacion_y_Desarrollo\04_Implementacion_SW\Switch_De_Distorcion_Ergonomico\OS" -O0 -fno-common -g3 -Wall -c -fmessage-length=0 -fno-builtin -ffunction-sections -fdata-sections -mcpu=cortex-m0plus -mthumb -D__REDLIB__ -specs=redlib.specs -MMD -MP -MF"drivers/fsl_i2c_dma.d" -MT"drivers/fsl_i2c_dma.o" -MT"drivers/fsl_i2c_dma.d" -o "drivers/fsl_i2c_dma.o" "../drivers/fsl_i2c_dma.c"
arm-none-eabi-gcc -DCR_INTEGER_PRINTF -DSDK_DEBUGCONSOLE=0 -D__MCUXPRESSO -D__USE_CMSIS -DDEBUG -DFSL_RTOS_BM -DSDK_OS_BAREMETAL -DCPU_MKL25Z128VLK4 -DCPU_MKL25Z128VLK4_cm0plus -D__REDLIB__ -I"D:\Maestria\APSW\Switch_De_Distorcion_Ergonomico\Switch_De_Distorcion_Ergonomico\03_Investigacion_y_Desarrollo\04_Implementacion_SW\Switch_De_Distorcion_Ergonomico\source" -I"D:\Maestria\APSW\Switch_De_Distorcion_Ergonomico\Switch_De_Distorcion_Ergonomico\03_Investigacion_y_Desarrollo\04_Implementacion_SW\Switch_De_Distorcion_Ergonomico" -I"D:\Maestria\APSW\Switch_De_Distorcion_Ergonomico\Switch_De_Distorcion_Ergonomico\03_Investigacion_y_Desarrollo\04_Implementacion_SW\Switch_De_Distorcion_Ergonomico\drivers" -I"D:\Maestria\APSW\Switch_De_Distorcion_Ergonomico\Switch_De_Distorcion_Ergonomico\03_Investigacion_y_Desarrollo\04_Implementacion_SW\Switch_De_Distorcion_Ergonomico\utilities" -I"D:\Maestria\APSW\Switch_De_Distorcion_Ergonomico\Switch_De_Distorcion_Ergonomico\03_Investigacion_y_Desarrollo\04_Implementacion_SW\Switch_De_Distorcion_Ergonomico\startup" -I"D:\Maestria\APSW\Switch_De_Distorcion_Ergonomico\Switch_De_Distorcion_Ergonomico\03_Investigacion_y_Desarrollo\04_Implementacion_SW\Switch_De_Distorcion_Ergonomico\CMSIS" -I"D:\Maestria\APSW\Switch_De_Distorcion_Ergonomico\Switch_De_Distorcion_Ergonomico\03_Investigacion_y_Desarrollo\04_Implementacion_SW\Switch_De_Distorcion_Ergonomico\Application" -I"D:\Maestria\APSW\Switch_De_Distorcion_Ergonomico\Switch_De_Distorcion_Ergonomico\03_Investigacion_y_Desarrollo\04_Implementacion_SW\Switch_De_Distorcion_Ergonomico\OS" -O0 -fno-common -g3 -Wall -c -fmessage-length=0 -fno-builtin -ffunction-sections -fdata-sections -mcpu=cortex-m0plus -mthumb -D__REDLIB__ -specs=redlib.specs -MMD -MP -MF"drivers/fsl_i2c.d" -MT"drivers/fsl_i2c.o" -MT"drivers/fsl_i2c.d" -o "drivers/fsl_i2c.o" "../drivers/fsl_i2c.c"
Finished building: ../drivers/fsl_dmamux.c
Building file: ../drivers/fsl_llwu.c
 
Finished building: ../drivers/fsl_dma.c
 
Invoking: MCU C Compiler
arm-none-eabi-gcc -DCR_INTEGER_PRINTF -DSDK_DEBUGCONSOLE=0 -D__MCUXPRESSO -D__USE_CMSIS -DDEBUG -DFSL_RTOS_BM -DSDK_OS_BAREMETAL -DCPU_MKL25Z128VLK4 -DCPU_MKL25Z128VLK4_cm0plus -D__REDLIB__ -I"D:\Maestria\APSW\Switch_De_Distorcion_Ergonomico\Switch_De_Distorcion_Ergonomico\03_Investigacion_y_Desarrollo\04_Implementacion_SW\Switch_De_Distorcion_Ergonomico\source" -I"D:\Maestria\APSW\Switch_De_Distorcion_Ergonomico\Switch_De_Distorcion_Ergonomico\03_Investigacion_y_Desarrollo\04_Implementacion_SW\Switch_De_Distorcion_Ergonomico" -I"D:\Maestria\APSW\Switch_De_Distorcion_Ergonomico\Switch_De_Distorcion_Ergonomico\03_Investigacion_y_Desarrollo\04_Implementacion_SW\Switch_De_Distorcion_Ergonomico\drivers" -I"D:\Maestria\APSW\Switch_De_Distorcion_Ergonomico\Switch_De_Distorcion_Ergonomico\03_Investigacion_y_Desarrollo\04_Implementacion_SW\Switch_De_Distorcion_Ergonomico\utilities" -I"D:\Maestria\APSW\Switch_De_Distorcion_Ergonomico\Switch_De_Distorcion_Ergonomico\03_Investigacion_y_Desarrollo\04_Implementacion_SW\Switch_De_Distorcion_Ergonomico\startup" -I"D:\Maestria\APSW\Switch_De_Distorcion_Ergonomico\Switch_De_Distorcion_Ergonomico\03_Investigacion_y_Desarrollo\04_Implementacion_SW\Switch_De_Distorcion_Ergonomico\CMSIS" -I"D:\Maestria\APSW\Switch_De_Distorcion_Ergonomico\Switch_De_Distorcion_Ergonomico\03_Investigacion_y_Desarrollo\04_Implementacion_SW\Switch_De_Distorcion_Ergonomico\Application" -I"D:\Maestria\APSW\Switch_De_Distorcion_Ergonomico\Switch_De_Distorcion_Ergonomico\03_Investigacion_y_Desarrollo\04_Implementacion_SW\Switch_De_Distorcion_Ergonomico\OS" -O0 -fno-common -g3 -Wall -c -fmessage-length=0 -fno-builtin -ffunction-sections -fdata-sections -mcpu=cortex-m0plus -mthumb -D__REDLIB__ -specs=redlib.specs -MMD -MP -MF"drivers/fsl_llwu.d" -MT"drivers/fsl_llwu.o" -MT"drivers/fsl_llwu.d" -o "drivers/fsl_llwu.o" "../drivers/fsl_llwu.c"
Building file: ../drivers/fsl_lpsci.c
 
Building file: ../drivers/fsl_lpsci_dma.c
make: stat: drivers/fsl_pit.o: Bad file number
Invoking: MCU C Compiler
arm-none-eabi-gcc -DCR_INTEGER_PRINTF -DSDK_DEBUGCONSOLE=0 -D__MCUXPRESSO -D__USE_CMSIS -DDEBUG -DFSL_RTOS_BM -DSDK_OS_BAREMETAL -DCPU_MKL25Z128VLK4 -DCPU_MKL25Z128VLK4_cm0plus -D__REDLIB__ -I"D:\Maestria\APSW\Switch_De_Distorcion_Ergonomico\Switch_De_Distorcion_Ergonomico\03_Investigacion_y_Desarrollo\04_Implementacion_SW\Switch_De_Distorcion_Ergonomico\source" -I"D:\Maestria\APSW\Switch_De_Distorcion_Ergonomico\Switch_De_Distorcion_Ergonomico\03_Investigacion_y_Desarrollo\04_Implementacion_SW\Switch_De_Distorcion_Ergonomico" -I"D:\Maestria\APSW\Switch_De_Distorcion_Ergonomico\Switch_De_Distorcion_Ergonomico\03_Investigacion_y_Desarrollo\04_Implementacion_SW\Switch_De_Distorcion_Ergonomico\drivers" -I"D:\Maestria\APSW\Switch_De_Distorcion_Ergonomico\Switch_De_Distorcion_Ergonomico\03_Investigacion_y_Desarrollo\04_Implementacion_SW\Switch_De_Distorcion_Ergonomico\utilities" -I"D:\Maestria\APSW\Switch_De_Distorcion_Ergonomico\Switch_De_Distorcion_Ergonomico\03_Investigacion_y_Desarrollo\04_Implementacion_SW\Switch_De_Distorcion_Ergonomico\startup" -I"D:\Maestria\APSW\Switch_De_Distorcion_Ergonomico\Switch_De_Distorcion_Ergonomico\03_Investigacion_y_Desarrollo\04_Implementacion_SW\Switch_De_Distorcion_Ergonomico\CMSIS" -I"D:\Maestria\APSW\Switch_De_Distorcion_Ergonomico\Switch_De_Distorcion_Ergonomico\03_Investigacion_y_Desarrollo\04_Implementacion_SW\Switch_De_Distorcion_Ergonomico\Application" -I"D:\Maestria\APSW\Switch_De_Distorcion_Ergonomico\Switch_De_Distorcion_Ergonomico\03_Investigacion_y_Desarrollo\04_Implementacion_SW\Switch_De_Distorcion_Ergonomico\OS" -O0 -fno-common -g3 -Wall -c -fmessage-length=0 -fno-builtin -ffunction-sections -fdata-sections -mcpu=cortex-m0plus -mthumb -D__REDLIB__ -specs=redlib.specs -MMD -MP -MF"drivers/fsl_lpsci.d" -MT"drivers/fsl_lpsci.o" -MT"drivers/fsl_lpsci.d" -o "drivers/fsl_lpsci.o" "../drivers/fsl_lpsci.c"
Building file: ../drivers/fsl_lptmr.c
Invoking: MCU C Compiler
arm-none-eabi-gcc -DCR_INTEGER_PRINTF -DSDK_DEBUGCONSOLE=0 -D__MCUXPRESSO -D__USE_CMSIS -DDEBUG -DFSL_RTOS_BM -DSDK_OS_BAREMETAL -DCPU_MKL25Z128VLK4 -DCPU_MKL25Z128VLK4_cm0plus -D__REDLIB__ -I"D:\Maestria\APSW\Switch_De_Distorcion_Ergonomico\Switch_De_Distorcion_Ergonomico\03_Investigacion_y_Desarrollo\04_Implementacion_SW\Switch_De_Distorcion_Ergonomico\source" -I"D:\Maestria\APSW\Switch_De_Distorcion_Ergonomico\Switch_De_Distorcion_Ergonomico\03_Investigacion_y_Desarrollo\04_Implementacion_SW\Switch_De_Distorcion_Ergonomico" -I"D:\Maestria\APSW\Switch_De_Distorcion_Ergonomico\Switch_De_Distorcion_Ergonomico\03_Investigacion_y_Desarrollo\04_Implementacion_SW\Switch_De_Distorcion_Ergonomico\drivers" -I"D:\Maestria\APSW\Switch_De_Distorcion_Ergonomico\Switch_De_Distorcion_Ergonomico\03_Investigacion_y_Desarrollo\04_Implementacion_SW\Switch_De_Distorcion_Ergonomico\utilities" -I"D:\Maestria\APSW\Switch_De_Distorcion_Ergonomico\Switch_De_Distorcion_Ergonomico\03_Investigacion_y_Desarrollo\04_Implementacion_SW\Switch_De_Distorcion_Ergonomico\startup" -I"D:\Maestria\APSW\Switch_De_Distorcion_Ergonomico\Switch_De_Distorcion_Ergonomico\03_Investigacion_y_Desarrollo\04_Implementacion_SW\Switch_De_Distorcion_Ergonomico\CMSIS" -I"D:\Maestria\APSW\Switch_De_Distorcion_Ergonomico\Switch_De_Distorcion_Ergonomico\03_Investigacion_y_Desarrollo\04_Implementacion_SW\Switch_De_Distorcion_Ergonomico\Application" -I"D:\Maestria\APSW\Switch_De_Distorcion_Ergonomico\Switch_De_Distorcion_Ergonomico\03_Investigacion_y_Desarrollo\04_Implementacion_SW\Switch_De_Distorcion_Ergonomico\OS" -O0 -fno-common -g3 -Wall -c -fmessage-length=0 -fno-builtin -ffunction-sections -fdata-sections -mcpu=cortex-m0plus -mthumb -D__REDLIB__ -specs=redlib.specs -MMD -MP -MF"drivers/fsl_lpsci_dma.d" -MT"drivers/fsl_lpsci_dma.o" -MT"drivers/fsl_lpsci_dma.d" -o "drivers/fsl_lpsci_dma.o" "../drivers/fsl_lpsci_dma.c"
Finished building: ../drivers/fsl_flash.c
Invoking: MCU C Compiler
arm-none-eabi-gcc -DCR_INTEGER_PRINTF -DSDK_DEBUGCONSOLE=0 -D__MCUXPRESSO -D__USE_CMSIS -DDEBUG -DFSL_RTOS_BM -DSDK_OS_BAREMETAL -DCPU_MKL25Z128VLK4 -DCPU_MKL25Z128VLK4_cm0plus -D__REDLIB__ -I"D:\Maestria\APSW\Switch_De_Distorcion_Ergonomico\Switch_De_Distorcion_Ergonomico\03_Investigacion_y_Desarrollo\04_Implementacion_SW\Switch_De_Distorcion_Ergonomico\source" -I"D:\Maestria\APSW\Switch_De_Distorcion_Ergonomico\Switch_De_Distorcion_Ergonomico\03_Investigacion_y_Desarrollo\04_Implementacion_SW\Switch_De_Distorcion_Ergonomico" -I"D:\Maestria\APSW\Switch_De_Distorcion_Ergonomico\Switch_De_Distorcion_Ergonomico\03_Investigacion_y_Desarrollo\04_Implementacion_SW\Switch_De_Distorcion_Ergonomico\drivers" -I"D:\Maestria\APSW\Switch_De_Distorcion_Ergonomico\Switch_De_Distorcion_Ergonomico\03_Investigacion_y_Desarrollo\04_Implementacion_SW\Switch_De_Distorcion_Ergonomico\utilities" -I"D:\Maestria\APSW\Switch_De_Distorcion_Ergonomico\Switch_De_Distorcion_Ergonomico\03_Investigacion_y_Desarrollo\04_Implementacion_SW\Switch_De_Distorcion_Ergonomico\startup" -I"D:\Maestria\APSW\Switch_De_Distorcion_Ergonomico\Switch_De_Distorcion_Ergonomico\03_Investigacion_y_Desarrollo\04_Implementacion_SW\Switch_De_Distorcion_Ergonomico\CMSIS" -I"D:\Maestria\APSW\Switch_De_Distorcion_Ergonomico\Switch_De_Distorcion_Ergonomico\03_Investigacion_y_Desarrollo\04_Implementacion_SW\Switch_De_Distorcion_Ergonomico\Application" -I"D:\Maestria\APSW\Switch_De_Distorcion_Ergonomico\Switch_De_Distorcion_Ergonomico\03_Investigacion_y_Desarrollo\04_Implementacion_SW\Switch_De_Distorcion_Ergonomico\OS" -O0 -fno-common -g3 -Wall -c -fmessage-length=0 -fno-builtin -ffunction-sections -fdata-sections -mcpu=cortex-m0plus -mthumb -D__REDLIB__ -specs=redlib.specs -MMD -MP -MF"drivers/fsl_lptmr.d" -MT"drivers/fsl_lptmr.o" -MT"drivers/fsl_lptmr.d" -o "drivers/fsl_lptmr.o" "../drivers/fsl_lptmr.c"
 
Building file: ../drivers/fsl_pit.c
Invoking: MCU C Compiler
arm-none-eabi-gcc -DCR_INTEGER_PRINTF -DSDK_DEBUGCONSOLE=0 -D__MCUXPRESSO -D__USE_CMSIS -DDEBUG -DFSL_RTOS_BM -DSDK_OS_BAREMETAL -DCPU_MKL25Z128VLK4 -DCPU_MKL25Z128VLK4_cm0plus -D__REDLIB__ -I"D:\Maestria\APSW\Switch_De_Distorcion_Ergonomico\Switch_De_Distorcion_Ergonomico\03_Investigacion_y_Desarrollo\04_Implementacion_SW\Switch_De_Distorcion_Ergonomico\source" -I"D:\Maestria\APSW\Switch_De_Distorcion_Ergonomico\Switch_De_Distorcion_Ergonomico\03_Investigacion_y_Desarrollo\04_Implementacion_SW\Switch_De_Distorcion_Ergonomico" -I"D:\Maestria\APSW\Switch_De_Distorcion_Ergonomico\Switch_De_Distorcion_Ergonomico\03_Investigacion_y_Desarrollo\04_Implementacion_SW\Switch_De_Distorcion_Ergonomico\drivers" -I"D:\Maestria\APSW\Switch_De_Distorcion_Ergonomico\Switch_De_Distorcion_Ergonomico\03_Investigacion_y_Desarrollo\04_Implementacion_SW\Switch_De_Distorcion_Ergonomico\utilities" -I"D:\Maestria\APSW\Switch_De_Distorcion_Ergonomico\Switch_De_Distorcion_Ergonomico\03_Investigacion_y_Desarrollo\04_Implementacion_SW\Switch_De_Distorcion_Ergonomico\startup" -I"D:\Maestria\APSW\Switch_De_Distorcion_Ergonomico\Switch_De_Distorcion_Ergonomico\03_Investigacion_y_Desarrollo\04_Implementacion_SW\Switch_De_Distorcion_Ergonomico\CMSIS" -I"D:\Maestria\APSW\Switch_De_Distorcion_Ergonomico\Switch_De_Distorcion_Ergonomico\03_Investigacion_y_Desarrollo\04_Implementacion_SW\Switch_De_Distorcion_Ergonomico\Application" -I"D:\Maestria\APSW\Switch_De_Distorcion_Ergonomico\Switch_De_Distorcion_Ergonomico\03_Investigacion_y_Desarrollo\04_Implementacion_SW\Switch_De_Distorcion_Ergonomico\OS" -O0 -fno-common -g3 -Wall -c -fmessage-length=0 -fno-builtin -ffunction-sections -fdata-sections -mcpu=cortex-m0plus -mthumb -D__REDLIB__ -specs=redlib.specs -MMD -MP -MF"drivers/fsl_pit.d" -MT"drivers/fsl_pit.o" -MT"drivers/fsl_pit.d" -o "drivers/fsl_pit.o" "../drivers/fsl_pit.c"
Finished building: ../drivers/fsl_llwu.c
Finished building: ../drivers/fsl_gpio.c
Finished building: ../drivers/fsl_i2c_dma.c
Finished building: ../drivers/fsl_i2c.c
 
 
 
 
Building file: ../drivers/fsl_pmc.c
Building file: ../drivers/fsl_rcm.c
Building file: ../drivers/fsl_rtc.c
Building file: ../drivers/fsl_sim.c
Finished building: ../drivers/fsl_lpsci.c
Invoking: MCU C Compiler
arm-none-eabi-gcc -DCR_INTEGER_PRINTF -DSDK_DEBUGCONSOLE=0 -D__MCUXPRESSO -D__USE_CMSIS -DDEBUG -DFSL_RTOS_BM -DSDK_OS_BAREMETAL -DCPU_MKL25Z128VLK4 -DCPU_MKL25Z128VLK4_cm0plus -D__REDLIB__ -I"D:\Maestria\APSW\Switch_De_Distorcion_Ergonomico\Switch_De_Distorcion_Ergonomico\03_Investigacion_y_Desarrollo\04_Implementacion_SW\Switch_De_Distorcion_Ergonomico\source" -I"D:\Maestria\APSW\Switch_De_Distorcion_Ergonomico\Switch_De_Distorcion_Ergonomico\03_Investigacion_y_Desarrollo\04_Implementacion_SW\Switch_De_Distorcion_Ergonomico" -I"D:\Maestria\APSW\Switch_De_Distorcion_Ergonomico\Switch_De_Distorcion_Ergonomico\03_Investigacion_y_Desarrollo\04_Implementacion_SW\Switch_De_Distorcion_Ergonomico\drivers" -I"D:\Maestria\APSW\Switch_De_Distorcion_Ergonomico\Switch_De_Distorcion_Ergonomico\03_Investigacion_y_Desarrollo\04_Implementacion_SW\Switch_De_Distorcion_Ergonomico\utilities" -I"D:\Maestria\APSW\Switch_De_Distorcion_Ergonomico\Switch_De_Distorcion_Ergonomico\03_Investigacion_y_Desarrollo\04_Implementacion_SW\Switch_De_Distorcion_Ergonomico\startup" -I"D:\Maestria\APSW\Switch_De_Distorcion_Ergonomico\Switch_De_Distorcion_Ergonomico\03_Investigacion_y_Desarrollo\04_Implementacion_SW\Switch_De_Distorcion_Ergonomico\CMSIS" -I"D:\Maestria\APSW\Switch_De_Distorcion_Ergonomico\Switch_De_Distorcion_Ergonomico\03_Investigacion_y_Desarrollo\04_Implementacion_SW\Switch_De_Distorcion_Ergonomico\Application" -I"D:\Maestria\APSW\Switch_De_Distorcion_Ergonomico\Switch_De_Distorcion_Ergonomico\03_Investigacion_y_Desarrollo\04_Implementacion_SW\Switch_De_Distorcion_Ergonomico\OS" -O0 -fno-common -g3 -Wall -c -fmessage-length=0 -fno-builtin -ffunction-sections -fdata-sections -mcpu=cortex-m0plus -mthumb -D__REDLIB__ -specs=redlib.specs -MMD -MP -MF"drivers/fsl_pmc.d" -MT"drivers/fsl_pmc.o" -MT"drivers/fsl_pmc.d" -o "drivers/fsl_pmc.o" "../drivers/fsl_pmc.c"
Invoking: MCU C Compiler
arm-none-eabi-gcc -DCR_INTEGER_PRINTF -DSDK_DEBUGCONSOLE=0 -D__MCUXPRESSO -D__USE_CMSIS -DDEBUG -DFSL_RTOS_BM -DSDK_OS_BAREMETAL -DCPU_MKL25Z128VLK4 -DCPU_MKL25Z128VLK4_cm0plus -D__REDLIB__ -I"D:\Maestria\APSW\Switch_De_Distorcion_Ergonomico\Switch_De_Distorcion_Ergonomico\03_Investigacion_y_Desarrollo\04_Implementacion_SW\Switch_De_Distorcion_Ergonomico\source" -I"D:\Maestria\APSW\Switch_De_Distorcion_Ergonomico\Switch_De_Distorcion_Ergonomico\03_Investigacion_y_Desarrollo\04_Implementacion_SW\Switch_De_Distorcion_Ergonomico" -I"D:\Maestria\APSW\Switch_De_Distorcion_Ergonomico\Switch_De_Distorcion_Ergonomico\03_Investigacion_y_Desarrollo\04_Implementacion_SW\Switch_De_Distorcion_Ergonomico\drivers" -I"D:\Maestria\APSW\Switch_De_Distorcion_Ergonomico\Switch_De_Distorcion_Ergonomico\03_Investigacion_y_Desarrollo\04_Implementacion_SW\Switch_De_Distorcion_Ergonomico\utilities" -I"D:\Maestria\APSW\Switch_De_Distorcion_Ergonomico\Switch_De_Distorcion_Ergonomico\03_Investigacion_y_Desarrollo\04_Implementacion_SW\Switch_De_Distorcion_Ergonomico\startup" -I"D:\Maestria\APSW\Switch_De_Distorcion_Ergonomico\Switch_De_Distorcion_Ergonomico\03_Investigacion_y_Desarrollo\04_Implementacion_SW\Switch_De_Distorcion_Ergonomico\CMSIS" -I"D:\Maestria\APSW\Switch_De_Distorcion_Ergonomico\Switch_De_Distorcion_Ergonomico\03_Investigacion_y_Desarrollo\04_Implementacion_SW\Switch_De_Distorcion_Ergonomico\Application" -I"D:\Maestria\APSW\Switch_De_Distorcion_Ergonomico\Switch_De_Distorcion_Ergonomico\03_Investigacion_y_Desarrollo\04_Implementacion_SW\Switch_De_Distorcion_Ergonomico\OS" -O0 -fno-common -g3 -Wall -c -fmessage-length=0 -fno-builtin -ffunction-sections -fdata-sections -mcpu=cortex-m0plus -mthumb -D__REDLIB__ -specs=redlib.specs -MMD -MP -MF"drivers/fsl_rcm.d" -MT"drivers/fsl_rcm.o" -MT"drivers/fsl_rcm.d" -o "drivers/fsl_rcm.o" "../drivers/fsl_rcm.c"
Invoking: MCU C Compiler
arm-none-eabi-gcc -DCR_INTEGER_PRINTF -DSDK_DEBUGCONSOLE=0 -D__MCUXPRESSO -D__USE_CMSIS -DDEBUG -DFSL_RTOS_BM -DSDK_OS_BAREMETAL -DCPU_MKL25Z128VLK4 -DCPU_MKL25Z128VLK4_cm0plus -D__REDLIB__ -I"D:\Maestria\APSW\Switch_De_Distorcion_Ergonomico\Switch_De_Distorcion_Ergonomico\03_Investigacion_y_Desarrollo\04_Implementacion_SW\Switch_De_Distorcion_Ergonomico\source" -I"D:\Maestria\APSW\Switch_De_Distorcion_Ergonomico\Switch_De_Distorcion_Ergonomico\03_Investigacion_y_Desarrollo\04_Implementacion_SW\Switch_De_Distorcion_Ergonomico" -I"D:\Maestria\APSW\Switch_De_Distorcion_Ergonomico\Switch_De_Distorcion_Ergonomico\03_Investigacion_y_Desarrollo\04_Implementacion_SW\Switch_De_Distorcion_Ergonomico\drivers" -I"D:\Maestria\APSW\Switch_De_Distorcion_Ergonomico\Switch_De_Distorcion_Ergonomico\03_Investigacion_y_Desarrollo\04_Implementacion_SW\Switch_De_Distorcion_Ergonomico\utilities" -I"D:\Maestria\APSW\Switch_De_Distorcion_Ergonomico\Switch_De_Distorcion_Ergonomico\03_Investigacion_y_Desarrollo\04_Implementacion_SW\Switch_De_Distorcion_Ergonomico\startup" -I"D:\Maestria\APSW\Switch_De_Distorcion_Ergonomico\Switch_De_Distorcion_Ergonomico\03_Investigacion_y_Desarrollo\04_Implementacion_SW\Switch_De_Distorcion_Ergonomico\CMSIS" -I"D:\Maestria\APSW\Switch_De_Distorcion_Ergonomico\Switch_De_Distorcion_Ergonomico\03_Investigacion_y_Desarrollo\04_Implementacion_SW\Switch_De_Distorcion_Ergonomico\Application" -I"D:\Maestria\APSW\Switch_De_Distorcion_Ergonomico\Switch_De_Distorcion_Ergonomico\03_Investigacion_y_Desarrollo\04_Implementacion_SW\Switch_De_Distorcion_Ergonomico\OS" -O0 -fno-common -g3 -Wall -c -fmessage-length=0 -fno-builtin -ffunction-sections -fdata-sections -mcpu=cortex-m0plus -mthumb -D__REDLIB__ -specs=redlib.specs -MMD -MP -MF"drivers/fsl_rtc.d" -MT"drivers/fsl_rtc.o" -MT"drivers/fsl_rtc.d" -o "drivers/fsl_rtc.o" "../drivers/fsl_rtc.c"
Finished building: ../drivers/fsl_lpsci_dma.c
Invoking: MCU C Compiler
arm-none-eabi-gcc -DCR_INTEGER_PRINTF -DSDK_DEBUGCONSOLE=0 -D__MCUXPRESSO -D__USE_CMSIS -DDEBUG -DFSL_RTOS_BM -DSDK_OS_BAREMETAL -DCPU_MKL25Z128VLK4 -DCPU_MKL25Z128VLK4_cm0plus -D__REDLIB__ -I"D:\Maestria\APSW\Switch_De_Distorcion_Ergonomico\Switch_De_Distorcion_Ergonomico\03_Investigacion_y_Desarrollo\04_Implementacion_SW\Switch_De_Distorcion_Ergonomico\source" -I"D:\Maestria\APSW\Switch_De_Distorcion_Ergonomico\Switch_De_Distorcion_Ergonomico\03_Investigacion_y_Desarrollo\04_Implementacion_SW\Switch_De_Distorcion_Ergonomico" -I"D:\Maestria\APSW\Switch_De_Distorcion_Ergonomico\Switch_De_Distorcion_Ergonomico\03_Investigacion_y_Desarrollo\04_Implementacion_SW\Switch_De_Distorcion_Ergonomico\drivers" -I"D:\Maestria\APSW\Switch_De_Distorcion_Ergonomico\Switch_De_Distorcion_Ergonomico\03_Investigacion_y_Desarrollo\04_Implementacion_SW\Switch_De_Distorcion_Ergonomico\utilities" -I"D:\Maestria\APSW\Switch_De_Distorcion_Ergonomico\Switch_De_Distorcion_Ergonomico\03_Investigacion_y_Desarrollo\04_Implementacion_SW\Switch_De_Distorcion_Ergonomico\startup" -I"D:\Maestria\APSW\Switch_De_Distorcion_Ergonomico\Switch_De_Distorcion_Ergonomico\03_Investigacion_y_Desarrollo\04_Implementacion_SW\Switch_De_Distorcion_Ergonomico\CMSIS" -I"D:\Maestria\APSW\Switch_De_Distorcion_Ergonomico\Switch_De_Distorcion_Ergonomico\03_Investigacion_y_Desarrollo\04_Implementacion_SW\Switch_De_Distorcion_Ergonomico\Application" -I"D:\Maestria\APSW\Switch_De_Distorcion_Ergonomico\Switch_De_Distorcion_Ergonomico\03_Investigacion_y_Desarrollo\04_Implementacion_SW\Switch_De_Distorcion_Ergonomico\OS" -O0 -fno-common -g3 -Wall -c -fmessage-length=0 -fno-builtin -ffunction-sections -fdata-sections -mcpu=cortex-m0plus -mthumb -D__REDLIB__ -specs=redlib.specs -MMD -MP -MF"drivers/fsl_sim.d" -MT"drivers/fsl_sim.o" -MT"drivers/fsl_sim.d" -o "drivers/fsl_sim.o" "../drivers/fsl_sim.c"
 
Finished building: ../drivers/fsl_lptmr.c
 
Building file: ../drivers/fsl_smc.c
 
Finished building: ../drivers/fsl_pit.c
Building file: ../drivers/fsl_spi.c
Invoking: MCU C Compiler
arm-none-eabi-gcc -DCR_INTEGER_PRINTF -DSDK_DEBUGCONSOLE=0 -D__MCUXPRESSO -D__USE_CMSIS -DDEBUG -DFSL_RTOS_BM -DSDK_OS_BAREMETAL -DCPU_MKL25Z128VLK4 -DCPU_MKL25Z128VLK4_cm0plus -D__REDLIB__ -I"D:\Maestria\APSW\Switch_De_Distorcion_Ergonomico\Switch_De_Distorcion_Ergonomico\03_Investigacion_y_Desarrollo\04_Implementacion_SW\Switch_De_Distorcion_Ergonomico\source" -I"D:\Maestria\APSW\Switch_De_Distorcion_Ergonomico\Switch_De_Distorcion_Ergonomico\03_Investigacion_y_Desarrollo\04_Implementacion_SW\Switch_De_Distorcion_Ergonomico" -I"D:\Maestria\APSW\Switch_De_Distorcion_Ergonomico\Switch_De_Distorcion_Ergonomico\03_Investigacion_y_Desarrollo\04_Implementacion_SW\Switch_De_Distorcion_Ergonomico\drivers" -I"D:\Maestria\APSW\Switch_De_Distorcion_Ergonomico\Switch_De_Distorcion_Ergonomico\03_Investigacion_y_Desarrollo\04_Implementacion_SW\Switch_De_Distorcion_Ergonomico\utilities" -I"D:\Maestria\APSW\Switch_De_Distorcion_Ergonomico\Switch_De_Distorcion_Ergonomico\03_Investigacion_y_Desarrollo\04_Implementacion_SW\Switch_De_Distorcion_Ergonomico\startup" -I"D:\Maestria\APSW\Switch_De_Distorcion_Ergonomico\Switch_De_Distorcion_Ergonomico\03_Investigacion_y_Desarrollo\04_Implementacion_SW\Switch_De_Distorcion_Ergonomico\CMSIS" -I"D:\Maestria\APSW\Switch_De_Distorcion_Ergonomico\Switch_De_Distorcion_Ergonomico\03_Investigacion_y_Desarrollo\04_Implementacion_SW\Switch_De_Distorcion_Ergonomico\Application" -I"D:\Maestria\APSW\Switch_De_Distorcion_Ergonomico\Switch_De_Distorcion_Ergonomico\03_Investigacion_y_Desarrollo\04_Implementacion_SW\Switch_De_Distorcion_Ergonomico\OS" -O0 -fno-common -g3 -Wall -c -fmessage-length=0 -fno-builtin -ffunction-sections -fdata-sections -mcpu=cortex-m0plus -mthumb -D__REDLIB__ -specs=redlib.specs -MMD -MP -MF"drivers/fsl_smc.d" -MT"drivers/fsl_smc.o" -MT"drivers/fsl_smc.d" -o "drivers/fsl_smc.o" "../drivers/fsl_smc.c"
 
Building file: ../drivers/fsl_spi_dma.c
Invoking: MCU C Compiler
arm-none-eabi-gcc -DCR_INTEGER_PRINTF -DSDK_DEBUGCONSOLE=0 -D__MCUXPRESSO -D__USE_CMSIS -DDEBUG -DFSL_RTOS_BM -DSDK_OS_BAREMETAL -DCPU_MKL25Z128VLK4 -DCPU_MKL25Z128VLK4_cm0plus -D__REDLIB__ -I"D:\Maestria\APSW\Switch_De_Distorcion_Ergonomico\Switch_De_Distorcion_Ergonomico\03_Investigacion_y_Desarrollo\04_Implementacion_SW\Switch_De_Distorcion_Ergonomico\source" -I"D:\Maestria\APSW\Switch_De_Distorcion_Ergonomico\Switch_De_Distorcion_Ergonomico\03_Investigacion_y_Desarrollo\04_Implementacion_SW\Switch_De_Distorcion_Ergonomico" -I"D:\Maestria\APSW\Switch_De_Distorcion_Ergonomico\Switch_De_Distorcion_Ergonomico\03_Investigacion_y_Desarrollo\04_Implementacion_SW\Switch_De_Distorcion_Ergonomico\drivers" -I"D:\Maestria\APSW\Switch_De_Distorcion_Ergonomico\Switch_De_Distorcion_Ergonomico\03_Investigacion_y_Desarrollo\04_Implementacion_SW\Switch_De_Distorcion_Ergonomico\utilities" -I"D:\Maestria\APSW\Switch_De_Distorcion_Ergonomico\Switch_De_Distorcion_Ergonomico\03_Investigacion_y_Desarrollo\04_Implementacion_SW\Switch_De_Distorcion_Ergonomico\startup" -I"D:\Maestria\APSW\Switch_De_Distorcion_Ergonomico\Switch_De_Distorcion_Ergonomico\03_Investigacion_y_Desarrollo\04_Implementacion_SW\Switch_De_Distorcion_Ergonomico\CMSIS" -I"D:\Maestria\APSW\Switch_De_Distorcion_Ergonomico\Switch_De_Distorcion_Ergonomico\03_Investigacion_y_Desarrollo\04_Implementacion_SW\Switch_De_Distorcion_Ergonomico\Application" -I"D:\Maestria\APSW\Switch_De_Distorcion_Ergonomico\Switch_De_Distorcion_Ergonomico\03_Investigacion_y_Desarrollo\04_Implementacion_SW\Switch_De_Distorcion_Ergonomico\OS" -O0 -fno-common -g3 -Wall -c -fmessage-length=0 -fno-builtin -ffunction-sections -fdata-sections -mcpu=cortex-m0plus -mthumb -D__REDLIB__ -specs=redlib.specs -MMD -MP -MF"drivers/fsl_spi.d" -MT"drivers/fsl_spi.o" -MT"drivers/fsl_spi.d" -o "drivers/fsl_spi.o" "../drivers/fsl_spi.c"
Building file: ../drivers/fsl_tpm.c
Invoking: MCU C Compiler
arm-none-eabi-gcc -DCR_INTEGER_PRINTF -DSDK_DEBUGCONSOLE=0 -D__MCUXPRESSO -D__USE_CMSIS -DDEBUG -DFSL_RTOS_BM -DSDK_OS_BAREMETAL -DCPU_MKL25Z128VLK4 -DCPU_MKL25Z128VLK4_cm0plus -D__REDLIB__ -I"D:\Maestria\APSW\Switch_De_Distorcion_Ergonomico\Switch_De_Distorcion_Ergonomico\03_Investigacion_y_Desarrollo\04_Implementacion_SW\Switch_De_Distorcion_Ergonomico\source" -I"D:\Maestria\APSW\Switch_De_Distorcion_Ergonomico\Switch_De_Distorcion_Ergonomico\03_Investigacion_y_Desarrollo\04_Implementacion_SW\Switch_De_Distorcion_Ergonomico" -I"D:\Maestria\APSW\Switch_De_Distorcion_Ergonomico\Switch_De_Distorcion_Ergonomico\03_Investigacion_y_Desarrollo\04_Implementacion_SW\Switch_De_Distorcion_Ergonomico\drivers" -I"D:\Maestria\APSW\Switch_De_Distorcion_Ergonomico\Switch_De_Distorcion_Ergonomico\03_Investigacion_y_Desarrollo\04_Implementacion_SW\Switch_De_Distorcion_Ergonomico\utilities" -I"D:\Maestria\APSW\Switch_De_Distorcion_Ergonomico\Switch_De_Distorcion_Ergonomico\03_Investigacion_y_Desarrollo\04_Implementacion_SW\Switch_De_Distorcion_Ergonomico\startup" -I"D:\Maestria\APSW\Switch_De_Distorcion_Ergonomico\Switch_De_Distorcion_Ergonomico\03_Investigacion_y_Desarrollo\04_Implementacion_SW\Switch_De_Distorcion_Ergonomico\CMSIS" -I"D:\Maestria\APSW\Switch_De_Distorcion_Ergonomico\Switch_De_Distorcion_Ergonomico\03_Investigacion_y_Desarrollo\04_Implementacion_SW\Switch_De_Distorcion_Ergonomico\Application" -I"D:\Maestria\APSW\Switch_De_Distorcion_Ergonomico\Switch_De_Distorcion_Ergonomico\03_Investigacion_y_Desarrollo\04_Implementacion_SW\Switch_De_Distorcion_Ergonomico\OS" -O0 -fno-common -g3 -Wall -c -fmessage-length=0 -fno-builtin -ffunction-sections -fdata-sections -mcpu=cortex-m0plus -mthumb -D__REDLIB__ -specs=redlib.specs -MMD -MP -MF"drivers/fsl_spi_dma.d" -MT"drivers/fsl_spi_dma.o" -MT"drivers/fsl_spi_dma.d" -o "drivers/fsl_spi_dma.o" "../drivers/fsl_spi_dma.c"
Invoking: MCU C Compiler
arm-none-eabi-gcc -DCR_INTEGER_PRINTF -DSDK_DEBUGCONSOLE=0 -D__MCUXPRESSO -D__USE_CMSIS -DDEBUG -DFSL_RTOS_BM -DSDK_OS_BAREMETAL -DCPU_MKL25Z128VLK4 -DCPU_MKL25Z128VLK4_cm0plus -D__REDLIB__ -I"D:\Maestria\APSW\Switch_De_Distorcion_Ergonomico\Switch_De_Distorcion_Ergonomico\03_Investigacion_y_Desarrollo\04_Implementacion_SW\Switch_De_Distorcion_Ergonomico\source" -I"D:\Maestria\APSW\Switch_De_Distorcion_Ergonomico\Switch_De_Distorcion_Ergonomico\03_Investigacion_y_Desarrollo\04_Implementacion_SW\Switch_De_Distorcion_Ergonomico" -I"D:\Maestria\APSW\Switch_De_Distorcion_Ergonomico\Switch_De_Distorcion_Ergonomico\03_Investigacion_y_Desarrollo\04_Implementacion_SW\Switch_De_Distorcion_Ergonomico\drivers" -I"D:\Maestria\APSW\Switch_De_Distorcion_Ergonomico\Switch_De_Distorcion_Ergonomico\03_Investigacion_y_Desarrollo\04_Implementacion_SW\Switch_De_Distorcion_Ergonomico\utilities" -I"D:\Maestria\APSW\Switch_De_Distorcion_Ergonomico\Switch_De_Distorcion_Ergonomico\03_Investigacion_y_Desarrollo\04_Implementacion_SW\Switch_De_Distorcion_Ergonomico\startup" -I"D:\Maestria\APSW\Switch_De_Distorcion_Ergonomico\Switch_De_Distorcion_Ergonomico\03_Investigacion_y_Desarrollo\04_Implementacion_SW\Switch_De_Distorcion_Ergonomico\CMSIS" -I"D:\Maestria\APSW\Switch_De_Distorcion_Ergonomico\Switch_De_Distorcion_Ergonomico\03_Investigacion_y_Desarrollo\04_Implementacion_SW\Switch_De_Distorcion_Ergonomico\Application" -I"D:\Maestria\APSW\Switch_De_Distorcion_Ergonomico\Switch_De_Distorcion_Ergonomico\03_Investigacion_y_Desarrollo\04_Implementacion_SW\Switch_De_Distorcion_Ergonomico\OS" -O0 -fno-common -g3 -Wall -c -fmessage-length=0 -fno-builtin -ffunction-sections -fdata-sections -mcpu=cortex-m0plus -mthumb -D__REDLIB__ -specs=redlib.specs -MMD -MP -MF"drivers/fsl_tpm.d" -MT"drivers/fsl_tpm.o" -MT"drivers/fsl_tpm.d" -o "drivers/fsl_tpm.o" "../drivers/fsl_tpm.c"
Finished building: ../drivers/fsl_pmc.c
Finished building: ../drivers/fsl_rcm.c
 
 
Finished building: ../drivers/fsl_sim.c
Building file: ../drivers/fsl_tsi_v4.c
 
Building file: ../drivers/fsl_uart.c
Finished building: ../drivers/fsl_rtc.c
Invoking: MCU C Compiler
arm-none-eabi-gcc -DCR_INTEGER_PRINTF -DSDK_DEBUGCONSOLE=0 -D__MCUXPRESSO -D__USE_CMSIS -DDEBUG -DFSL_RTOS_BM -DSDK_OS_BAREMETAL -DCPU_MKL25Z128VLK4 -DCPU_MKL25Z128VLK4_cm0plus -D__REDLIB__ -I"D:\Maestria\APSW\Switch_De_Distorcion_Ergonomico\Switch_De_Distorcion_Ergonomico\03_Investigacion_y_Desarrollo\04_Implementacion_SW\Switch_De_Distorcion_Ergonomico\source" -I"D:\Maestria\APSW\Switch_De_Distorcion_Ergonomico\Switch_De_Distorcion_Ergonomico\03_Investigacion_y_Desarrollo\04_Implementacion_SW\Switch_De_Distorcion_Ergonomico" -I"D:\Maestria\APSW\Switch_De_Distorcion_Ergonomico\Switch_De_Distorcion_Ergonomico\03_Investigacion_y_Desarrollo\04_Implementacion_SW\Switch_De_Distorcion_Ergonomico\drivers" -I"D:\Maestria\APSW\Switch_De_Distorcion_Ergonomico\Switch_De_Distorcion_Ergonomico\03_Investigacion_y_Desarrollo\04_Implementacion_SW\Switch_De_Distorcion_Ergonomico\utilities" -I"D:\Maestria\APSW\Switch_De_Distorcion_Ergonomico\Switch_De_Distorcion_Ergonomico\03_Investigacion_y_Desarrollo\04_Implementacion_SW\Switch_De_Distorcion_Ergonomico\startup" -I"D:\Maestria\APSW\Switch_De_Distorcion_Ergonomico\Switch_De_Distorcion_Ergonomico\03_Investigacion_y_Desarrollo\04_Implementacion_SW\Switch_De_Distorcion_Ergonomico\CMSIS" -I"D:\Maestria\APSW\Switch_De_Distorcion_Ergonomico\Switch_De_Distorcion_Ergonomico\03_Investigacion_y_Desarrollo\04_Implementacion_SW\Switch_De_Distorcion_Ergonomico\Application" -I"D:\Maestria\APSW\Switch_De_Distorcion_Ergonomico\Switch_De_Distorcion_Ergonomico\03_Investigacion_y_Desarrollo\04_Implementacion_SW\Switch_De_Distorcion_Ergonomico\OS" -O0 -fno-common -g3 -Wall -c -fmessage-length=0 -fno-builtin -ffunction-sections -fdata-sections -mcpu=cortex-m0plus -mthumb -D__REDLIB__ -specs=redlib.specs -MMD -MP -MF"drivers/fsl_tsi_v4.d" -MT"drivers/fsl_tsi_v4.o" -MT"drivers/fsl_tsi_v4.d" -o "drivers/fsl_tsi_v4.o" "../drivers/fsl_tsi_v4.c"
Building file: ../drivers/fsl_uart_dma.c
Invoking: MCU C Compiler
 
arm-none-eabi-gcc -DCR_INTEGER_PRINTF -DSDK_DEBUGCONSOLE=0 -D__MCUXPRESSO -D__USE_CMSIS -DDEBUG -DFSL_RTOS_BM -DSDK_OS_BAREMETAL -DCPU_MKL25Z128VLK4 -DCPU_MKL25Z128VLK4_cm0plus -D__REDLIB__ -I"D:\Maestria\APSW\Switch_De_Distorcion_Ergonomico\Switch_De_Distorcion_Ergonomico\03_Investigacion_y_Desarrollo\04_Implementacion_SW\Switch_De_Distorcion_Ergonomico\source" -I"D:\Maestria\APSW\Switch_De_Distorcion_Ergonomico\Switch_De_Distorcion_Ergonomico\03_Investigacion_y_Desarrollo\04_Implementacion_SW\Switch_De_Distorcion_Ergonomico" -I"D:\Maestria\APSW\Switch_De_Distorcion_Ergonomico\Switch_De_Distorcion_Ergonomico\03_Investigacion_y_Desarrollo\04_Implementacion_SW\Switch_De_Distorcion_Ergonomico\drivers" -I"D:\Maestria\APSW\Switch_De_Distorcion_Ergonomico\Switch_De_Distorcion_Ergonomico\03_Investigacion_y_Desarrollo\04_Implementacion_SW\Switch_De_Distorcion_Ergonomico\utilities" -I"D:\Maestria\APSW\Switch_De_Distorcion_Ergonomico\Switch_De_Distorcion_Ergonomico\03_Investigacion_y_Desarrollo\04_Implementacion_SW\Switch_De_Distorcion_Ergonomico\startup" -I"D:\Maestria\APSW\Switch_De_Distorcion_Ergonomico\Switch_De_Distorcion_Ergonomico\03_Investigacion_y_Desarrollo\04_Implementacion_SW\Switch_De_Distorcion_Ergonomico\CMSIS" -I"D:\Maestria\APSW\Switch_De_Distorcion_Ergonomico\Switch_De_Distorcion_Ergonomico\03_Investigacion_y_Desarrollo\04_Implementacion_SW\Switch_De_Distorcion_Ergonomico\Application" -I"D:\Maestria\APSW\Switch_De_Distorcion_Ergonomico\Switch_De_Distorcion_Ergonomico\03_Investigacion_y_Desarrollo\04_Implementacion_SW\Switch_De_Distorcion_Ergonomico\OS" -O0 -fno-common -g3 -Wall -c -fmessage-length=0 -fno-builtin -ffunction-sections -fdata-sections -mcpu=cortex-m0plus -mthumb -D__REDLIB__ -specs=redlib.specs -MMD -MP -MF"drivers/fsl_uart.d" -MT"drivers/fsl_uart.o" -MT"drivers/fsl_uart.d" -o "drivers/fsl_uart.o" "../drivers/fsl_uart.c"
Invoking: MCU C Compiler
arm-none-eabi-gcc -DCR_INTEGER_PRINTF -DSDK_DEBUGCONSOLE=0 -D__MCUXPRESSO -D__USE_CMSIS -DDEBUG -DFSL_RTOS_BM -DSDK_OS_BAREMETAL -DCPU_MKL25Z128VLK4 -DCPU_MKL25Z128VLK4_cm0plus -D__REDLIB__ -I"D:\Maestria\APSW\Switch_De_Distorcion_Ergonomico\Switch_De_Distorcion_Ergonomico\03_Investigacion_y_Desarrollo\04_Implementacion_SW\Switch_De_Distorcion_Ergonomico\source" -I"D:\Maestria\APSW\Switch_De_Distorcion_Ergonomico\Switch_De_Distorcion_Ergonomico\03_Investigacion_y_Desarrollo\04_Implementacion_SW\Switch_De_Distorcion_Ergonomico" -I"D:\Maestria\APSW\Switch_De_Distorcion_Ergonomico\Switch_De_Distorcion_Ergonomico\03_Investigacion_y_Desarrollo\04_Implementacion_SW\Switch_De_Distorcion_Ergonomico\drivers" -I"D:\Maestria\APSW\Switch_De_Distorcion_Ergonomico\Switch_De_Distorcion_Ergonomico\03_Investigacion_y_Desarrollo\04_Implementacion_SW\Switch_De_Distorcion_Ergonomico\utilities" -I"D:\Maestria\APSW\Switch_De_Distorcion_Ergonomico\Switch_De_Distorcion_Ergonomico\03_Investigacion_y_Desarrollo\04_Implementacion_SW\Switch_De_Distorcion_Ergonomico\startup" -I"D:\Maestria\APSW\Switch_De_Distorcion_Ergonomico\Switch_De_Distorcion_Ergonomico\03_Investigacion_y_Desarrollo\04_Implementacion_SW\Switch_De_Distorcion_Ergonomico\CMSIS" -I"D:\Maestria\APSW\Switch_De_Distorcion_Ergonomico\Switch_De_Distorcion_Ergonomico\03_Investigacion_y_Desarrollo\04_Implementacion_SW\Switch_De_Distorcion_Ergonomico\Application" -I"D:\Maestria\APSW\Switch_De_Distorcion_Ergonomico\Switch_De_Distorcion_Ergonomico\03_Investigacion_y_Desarrollo\04_Implementacion_SW\Switch_De_Distorcion_Ergonomico\OS" -O0 -fno-common -g3 -Wall -c -fmessage-length=0 -fno-builtin -ffunction-sections -fdata-sections -mcpu=cortex-m0plus -mthumb -D__REDLIB__ -specs=redlib.specs -MMD -MP -MF"drivers/fsl_uart_dma.d" -MT"drivers/fsl_uart_dma.o" -MT"drivers/fsl_uart_dma.d" -o "drivers/fsl_uart_dma.o" "../drivers/fsl_uart_dma.c"
Finished building: ../drivers/fsl_smc.c
Building file: ../OS/OS_Sched_Core.c
 
Invoking: MCU C Compiler
arm-none-eabi-gcc -DCR_INTEGER_PRINTF -DSDK_DEBUGCONSOLE=0 -D__MCUXPRESSO -D__USE_CMSIS -DDEBUG -DFSL_RTOS_BM -DSDK_OS_BAREMETAL -DCPU_MKL25Z128VLK4 -DCPU_MKL25Z128VLK4_cm0plus -D__REDLIB__ -I"D:\Maestria\APSW\Switch_De_Distorcion_Ergonomico\Switch_De_Distorcion_Ergonomico\03_Investigacion_y_Desarrollo\04_Implementacion_SW\Switch_De_Distorcion_Ergonomico\source" -I"D:\Maestria\APSW\Switch_De_Distorcion_Ergonomico\Switch_De_Distorcion_Ergonomico\03_Investigacion_y_Desarrollo\04_Implementacion_SW\Switch_De_Distorcion_Ergonomico" -I"D:\Maestria\APSW\Switch_De_Distorcion_Ergonomico\Switch_De_Distorcion_Ergonomico\03_Investigacion_y_Desarrollo\04_Implementacion_SW\Switch_De_Distorcion_Ergonomico\drivers" -I"D:\Maestria\APSW\Switch_De_Distorcion_Ergonomico\Switch_De_Distorcion_Ergonomico\03_Investigacion_y_Desarrollo\04_Implementacion_SW\Switch_De_Distorcion_Ergonomico\utilities" -I"D:\Maestria\APSW\Switch_De_Distorcion_Ergonomico\Switch_De_Distorcion_Ergonomico\03_Investigacion_y_Desarrollo\04_Implementacion_SW\Switch_De_Distorcion_Ergonomico\startup" -I"D:\Maestria\APSW\Switch_De_Distorcion_Ergonomico\Switch_De_Distorcion_Ergonomico\03_Investigacion_y_Desarrollo\04_Implementacion_SW\Switch_De_Distorcion_Ergonomico\CMSIS" -I"D:\Maestria\APSW\Switch_De_Distorcion_Ergonomico\Switch_De_Distorcion_Ergonomico\03_Investigacion_y_Desarrollo\04_Implementacion_SW\Switch_De_Distorcion_Ergonomico\Application" -I"D:\Maestria\APSW\Switch_De_Distorcion_Ergonomico\Switch_De_Distorcion_Ergonomico\03_Investigacion_y_Desarrollo\04_Implementacion_SW\Switch_De_Distorcion_Ergonomico\OS" -O0 -fno-common -g3 -Wall -c -fmessage-length=0 -fno-builtin -ffunction-sections -fdata-sections -mcpu=cortex-m0plus -mthumb -D__REDLIB__ -specs=redlib.specs -MMD -MP -MF"OS/OS_Sched_Core.d" -MT"OS/OS_Sched_Core.o" -MT"OS/OS_Sched_Core.d" -o "OS/OS_Sched_Core.o" "../OS/OS_Sched_Core.c"
Building file: ../OS/OS_Sched_Tasks.c
Finished building: ../drivers/fsl_spi_dma.c
Finished building: ../drivers/fsl_spi.c
Invoking: MCU C Compiler
Finished building: ../drivers/fsl_tpm.c
arm-none-eabi-gcc -DCR_INTEGER_PRINTF -DSDK_DEBUGCONSOLE=0 -D__MCUXPRESSO -D__USE_CMSIS -DDEBUG -DFSL_RTOS_BM -DSDK_OS_BAREMETAL -DCPU_MKL25Z128VLK4 -DCPU_MKL25Z128VLK4_cm0plus -D__REDLIB__ -I"D:\Maestria\APSW\Switch_De_Distorcion_Ergonomico\Switch_De_Distorcion_Ergonomico\03_Investigacion_y_Desarrollo\04_Implementacion_SW\Switch_De_Distorcion_Ergonomico\source" -I"D:\Maestria\APSW\Switch_De_Distorcion_Ergonomico\Switch_De_Distorcion_Ergonomico\03_Investigacion_y_Desarrollo\04_Implementacion_SW\Switch_De_Distorcion_Ergonomico" -I"D:\Maestria\APSW\Switch_De_Distorcion_Ergonomico\Switch_De_Distorcion_Ergonomico\03_Investigacion_y_Desarrollo\04_Implementacion_SW\Switch_De_Distorcion_Ergonomico\drivers" -I"D:\Maestria\APSW\Switch_De_Distorcion_Ergonomico\Switch_De_Distorcion_Ergonomico\03_Investigacion_y_Desarrollo\04_Implementacion_SW\Switch_De_Distorcion_Ergonomico\utilities" -I"D:\Maestria\APSW\Switch_De_Distorcion_Ergonomico\Switch_De_Distorcion_Ergonomico\03_Investigacion_y_Desarrollo\04_Implementacion_SW\Switch_De_Distorcion_Ergonomico\startup" -I"D:\Maestria\APSW\Switch_De_Distorcion_Ergonomico\Switch_De_Distorcion_Ergonomico\03_Investigacion_y_Desarrollo\04_Implementacion_SW\Switch_De_Distorcion_Ergonomico\CMSIS" -I"D:\Maestria\APSW\Switch_De_Distorcion_Ergonomico\Switch_De_Distorcion_Ergonomico\03_Investigacion_y_Desarrollo\04_Implementacion_SW\Switch_De_Distorcion_Ergonomico\Application" -I"D:\Maestria\APSW\Switch_De_Distorcion_Ergonomico\Switch_De_Distorcion_Ergonomico\03_Investigacion_y_Desarrollo\04_Implementacion_SW\Switch_De_Distorcion_Ergonomico\OS" -O0 -fno-common -g3 -Wall -c -fmessage-length=0 -fno-builtin -ffunction-sections -fdata-sections -mcpu=cortex-m0plus -mthumb -D__REDLIB__ -specs=redlib.specs -MMD -MP -MF"OS/OS_Sched_Tasks.d" -MT"OS/OS_Sched_Tasks.o" -MT"OS/OS_Sched_Tasks.d" -o "OS/OS_Sched_Tasks.o" "../OS/OS_Sched_Tasks.c"
 
 
 
Building file: ../CMSIS/system_MKL25Z4.c
Building file: ../Application/MiografoAudio/Audio_Effect_Sig_ctl.c
Building file: ../Application/MiografoAudio/EMG_Control.c
Invoking: MCU C Compiler
arm-none-eabi-gcc -DCR_INTEGER_PRINTF -DSDK_DEBUGCONSOLE=0 -D__MCUXPRESSO -D__USE_CMSIS -DDEBUG -DFSL_RTOS_BM -DSDK_OS_BAREMETAL -DCPU_MKL25Z128VLK4 -DCPU_MKL25Z128VLK4_cm0plus -D__REDLIB__ -I"D:\Maestria\APSW\Switch_De_Distorcion_Ergonomico\Switch_De_Distorcion_Ergonomico\03_Investigacion_y_Desarrollo\04_Implementacion_SW\Switch_De_Distorcion_Ergonomico\source" -I"D:\Maestria\APSW\Switch_De_Distorcion_Ergonomico\Switch_De_Distorcion_Ergonomico\03_Investigacion_y_Desarrollo\04_Implementacion_SW\Switch_De_Distorcion_Ergonomico" -I"D:\Maestria\APSW\Switch_De_Distorcion_Ergonomico\Switch_De_Distorcion_Ergonomico\03_Investigacion_y_Desarrollo\04_Implementacion_SW\Switch_De_Distorcion_Ergonomico\drivers" -I"D:\Maestria\APSW\Switch_De_Distorcion_Ergonomico\Switch_De_Distorcion_Ergonomico\03_Investigacion_y_Desarrollo\04_Implementacion_SW\Switch_De_Distorcion_Ergonomico\utilities" -I"D:\Maestria\APSW\Switch_De_Distorcion_Ergonomico\Switch_De_Distorcion_Ergonomico\03_Investigacion_y_Desarrollo\04_Implementacion_SW\Switch_De_Distorcion_Ergonomico\startup" -I"D:\Maestria\APSW\Switch_De_Distorcion_Ergonomico\Switch_De_Distorcion_Ergonomico\03_Investigacion_y_Desarrollo\04_Implementacion_SW\Switch_De_Distorcion_Ergonomico\CMSIS" -I"D:\Maestria\APSW\Switch_De_Distorcion_Ergonomico\Switch_De_Distorcion_Ergonomico\03_Investigacion_y_Desarrollo\04_Implementacion_SW\Switch_De_Distorcion_Ergonomico\Application" -I"D:\Maestria\APSW\Switch_De_Distorcion_Ergonomico\Switch_De_Distorcion_Ergonomico\03_Investigacion_y_Desarrollo\04_Implementacion_SW\Switch_De_Distorcion_Ergonomico\OS" -O0 -fno-common -g3 -Wall -c -fmessage-length=0 -fno-builtin -ffunction-sections -fdata-sections -mcpu=cortex-m0plus -mthumb -D__REDLIB__ -specs=redlib.specs -MMD -MP -MF"CMSIS/system_MKL25Z4.d" -MT"CMSIS/system_MKL25Z4.o" -MT"CMSIS/system_MKL25Z4.d" -o "CMSIS/system_MKL25Z4.o" "../CMSIS/system_MKL25Z4.c"
Invoking: MCU C Compiler
arm-none-eabi-gcc -DCR_INTEGER_PRINTF -DSDK_DEBUGCONSOLE=0 -D__MCUXPRESSO -D__USE_CMSIS -DDEBUG -DFSL_RTOS_BM -DSDK_OS_BAREMETAL -DCPU_MKL25Z128VLK4 -DCPU_MKL25Z128VLK4_cm0plus -D__REDLIB__ -I"D:\Maestria\APSW\Switch_De_Distorcion_Ergonomico\Switch_De_Distorcion_Ergonomico\03_Investigacion_y_Desarrollo\04_Implementacion_SW\Switch_De_Distorcion_Ergonomico\source" -I"D:\Maestria\APSW\Switch_De_Distorcion_Ergonomico\Switch_De_Distorcion_Ergonomico\03_Investigacion_y_Desarrollo\04_Implementacion_SW\Switch_De_Distorcion_Ergonomico" -I"D:\Maestria\APSW\Switch_De_Distorcion_Ergonomico\Switch_De_Distorcion_Ergonomico\03_Investigacion_y_Desarrollo\04_Implementacion_SW\Switch_De_Distorcion_Ergonomico\drivers" -I"D:\Maestria\APSW\Switch_De_Distorcion_Ergonomico\Switch_De_Distorcion_Ergonomico\03_Investigacion_y_Desarrollo\04_Implementacion_SW\Switch_De_Distorcion_Ergonomico\utilities" -I"D:\Maestria\APSW\Switch_De_Distorcion_Ergonomico\Switch_De_Distorcion_Ergonomico\03_Investigacion_y_Desarrollo\04_Implementacion_SW\Switch_De_Distorcion_Ergonomico\startup" -I"D:\Maestria\APSW\Switch_De_Distorcion_Ergonomico\Switch_De_Distorcion_Ergonomico\03_Investigacion_y_Desarrollo\04_Implementacion_SW\Switch_De_Distorcion_Ergonomico\CMSIS" -I"D:\Maestria\APSW\Switch_De_Distorcion_Ergonomico\Switch_De_Distorcion_Ergonomico\03_Investigacion_y_Desarrollo\04_Implementacion_SW\Switch_De_Distorcion_Ergonomico\Application" -I"D:\Maestria\APSW\Switch_De_Distorcion_Ergonomico\Switch_De_Distorcion_Ergonomico\03_Investigacion_y_Desarrollo\04_Implementacion_SW\Switch_De_Distorcion_Ergonomico\OS" -O0 -fno-common -g3 -Wall -c -fmessage-length=0 -fno-builtin -ffunction-sections -fdata-sections -mcpu=cortex-m0plus -mthumb -D__REDLIB__ -specs=redlib.specs -MMD -MP -MF"Application/MiografoAudio/Audio_Effect_Sig_ctl.d" -MT"Application/MiografoAudio/Audio_Effect_Sig_ctl.o" -MT"Application/MiografoAudio/Audio_Effect_Sig_ctl.d" -o "Application/MiografoAudio/Audio_Effect_Sig_ctl.o" "../Application/MiografoAudio/Audio_Effect_Sig_ctl.c"
Invoking: MCU C Compiler
[...]
Finished building: ../OS/OS_Sched_Tasks.c
Finished building: ../drivers/fsl_tsi_v4.c
 
 
Building file: ../Application/app_ADC.c
Finished building: ../drivers/fsl_uart_dma.c
Building file: ../Application/app_BtnDbnc.c
Invoking: MCU C Compiler
arm-none-eabi-gcc -DCR_INTEGER_PRINTF -DSDK_DEBUGCONSOLE=0 -D__MCUXPRESSO -D__USE_CMSIS -DDEBUG -DFSL_RTOS_BM -DSDK_OS_BAREMETAL -DCPU_MKL25Z128VLK4 -DCPU_MKL25Z128VLK4_cm0plus -D__REDLIB__ -I"D:\Maestria\APSW\Switch_De_Distorcion_Ergonomico\Switch_De_Distorcion_Ergonomico\03_Investigacion_y_Desarrollo\04_Implementacion_SW\Switch_De_Distorcion_Ergonomico\source" -I"D:\Maestria\APSW\Switch_De_Distorcion_Ergonomico\Switch_De_Distorcion_Ergonomico\03_Investigacion_y_Desarrollo\04_Implementacion_SW\Switch_De_Distorcion_Ergonomico" -I"D:\Maestria\APSW\Switch_De_Distorcion_Ergonomico\Switch_De_Distorcion_Ergonomico\03_Investigacion_y_Desarrollo\04_Implementacion_SW\Switch_De_Distorcion_Ergonomico\drivers" -I"D:\Maestria\APSW\Switch_De_Distorcion_Ergonomico\Switch_De_Distorcion_Ergonomico\03_Investigacion_y_Desarrollo\04_Implementacion_SW\Switch_De_Distorcion_Ergonomico\utilities" -I"D:\Maestria\APSW\Switch_De_Distorcion_Ergonomico\Switch_De_Distorcion_Ergonomico\03_Investigacion_y_Desarrollo\04_Implementacion_SW\Switch_De_Distorcion_Ergonomico\startup" -I"D:\Maestria\APSW\Switch_De_Distorcion_Ergonomico\Switch_De_Distorcion_Ergonomico\03_Investigacion_y_Desarrollo\04_Implementacion_SW\Switch_De_Distorcion_Ergonomico\CMSIS" -I"D:\Maestria\APSW\Switch_De_Distorcion_Ergonomico\Switch_De_Distorcion_Ergonomico\03_Investigacion_y_Desarrollo\04_Implementacion_SW\Switch_De_Distorcion_Ergonomico\Application" -I"D:\Maestria\APSW\Switch_De_Distorcion_Ergonomico\Switch_De_Distorcion_Ergonomico\03_Investigacion_y_Desarrollo\04_Implementacion_SW\Switch_De_Distorcion_Ergonomico\OS" -O0 -fno-common -g3 -Wall -c -fmessage-length=0 -fno-builtin -ffunction-sections -fdata-sections -mcpu=cortex-m0plus -mthumb -D__REDLIB__ -specs=redlib.specs -MMD -MP -MF"Application/app_ADC.d" -MT"Application/app_ADC.o" -MT"Application/app_ADC.d" -o "Application/app_ADC.o" "../Application/app_ADC.c"
 
Finished building: ../Application/MiografoAudio/Audio_Effect_Sig_ctl.c
Finished building: ../OS/OS_Sched_Core.c
Finished building: ../Application/MiografoAudio/EMG_Control.c
Invoking: MCU C Compiler
arm-none-eabi-gcc -DCR_INTEGER_PRINTF -DSDK_DEBUGCONSOLE=0 -D__MCUXPRESSO -D__USE_CMSIS -DDEBUG -DFSL_RTOS_BM -DSDK_OS_BAREMETAL -DCPU_MKL25Z128VLK4 -DCPU_MKL25Z128VLK4_cm0plus -D__REDLIB__ -I"D:\Maestria\APSW\Switch_De_Distorcion_Ergonomico\Switch_De_Distorcion_Ergonomico\03_Investigacion_y_Desarrollo\04_Implementacion_SW\Switch_De_Distorcion_Ergonomico\source" -I"D:\Maestria\APSW\Switch_De_Distorcion_Ergonomico\Switch_De_Distorcion_Ergonomico\03_Investigacion_y_Desarrollo\04_Implementacion_SW\Switch_De_Distorcion_Ergonomico" -I"D:\Maestria\APSW\Switch_De_Distorcion_Ergonomico\Switch_De_Distorcion_Ergonomico\03_Investigacion_y_Desarrollo\04_Implementacion_SW\Switch_De_Distorcion_Ergonomico\drivers" -I"D:\Maestria\APSW\Switch_De_Distorcion_Ergonomico\Switch_De_Distorcion_Ergonomico\03_Investigacion_y_Desarrollo\04_Implementacion_SW\Switch_De_Distorcion_Ergonomico\utilities" -I"D:\Maestria\APSW\Switch_De_Distorcion_Ergonomico\Switch_De_Distorcion_Ergonomico\03_Investigacion_y_Desarrollo\04_Implementacion_SW\Switch_De_Distorcion_Ergonomico\startup" -I"D:\Maestria\APSW\Switch_De_Distorcion_Ergonomico\Switch_De_Distorcion_Ergonomico\03_Investigacion_y_Desarrollo\04_Implementacion_SW\Switch_De_Distorcion_Ergonomico\CMSIS" -I"D:\Maestria\APSW\Switch_De_Distorcion_Ergonomico\Switch_De_Distorcion_Ergonomico\03_Investigacion_y_Desarrollo\04_Implementacion_SW\Switch_De_Distorcion_Ergonomico\Application" -I"D:\Maestria\APSW\Switch_De_Distorcion_Ergonomico\Switch_De_Distorcion_Ergonomico\03_Investigacion_y_Desarrollo\04_Implementacion_SW\Switch_De_Distorcion_Ergonomico\OS" -O0 -fno-common -g3 -Wall -c -fmessage-length=0 -fno-builtin -ffunction-sections -fdata-sections -mcpu=cortex-m0plus -mthumb -D__REDLIB__ -specs=redlib.specs -MMD -MP -MF"Application/app_BtnDbnc.d" -MT"Application/app_BtnDbnc.o" -MT"Application/app_BtnDbnc.d" -o "Application/app_BtnDbnc.o" "../Application/app_BtnDbnc.c"
Finished building: ../drivers/fsl_uart.c
Building file: ../Application/app_DAC.c
 
 
 
 
Invoking: MCU C Compiler
arm-none-eabi-gcc -DCR_INTEGER_PRINTF -DSDK_DEBUGCONSOLE=0 -D__MCUXPRESSO -D__USE_CMSIS -DDEBUG -DFSL_RTOS_BM -DSDK_OS_BAREMETAL -DCPU_MKL25Z128VLK4 -DCPU_MKL25Z128VLK4_cm0plus -D__REDLIB__ -I"D:\Maestria\APSW\Switch_De_Distorcion_Ergonomico\Switch_De_Distorcion_Ergonomico\03_Investigacion_y_Desarrollo\04_Implementacion_SW\Switch_De_Distorcion_Ergonomico\source" -I"D:\Maestria\APSW\Switch_De_Distorcion_Ergonomico\Switch_De_Distorcion_Ergonomico\03_Investigacion_y_Desarrollo\04_Implementacion_SW\Switch_De_Distorcion_Ergonomico" -I"D:\Maestria\APSW\Switch_De_Distorcion_Ergonomico\Switch_De_Distorcion_Ergonomico\03_Investigacion_y_Desarrollo\04_Implementacion_SW\Switch_De_Distorcion_Ergonomico\drivers" -I"D:\Maestria\APSW\Switch_De_Distorcion_Ergonomico\Switch_De_Distorcion_Ergonomico\03_Investigacion_y_Desarrollo\04_Implementacion_SW\Switch_De_Distorcion_Ergonomico\utilities" -I"D:\Maestria\APSW\Switch_De_Distorcion_Ergonomico\Switch_De_Distorcion_Ergonomico\03_Investigacion_y_Desarrollo\04_Implementacion_SW\Switch_De_Distorcion_Ergonomico\startup" -I"D:\Maestria\APSW\Switch_De_Distorcion_Ergonomico\Switch_De_Distorcion_Ergonomico\03_Investigacion_y_Desarrollo\04_Implementacion_SW\Switch_De_Distorcion_Ergonomico\CMSIS" -I"D:\Maestria\APSW\Switch_De_Distorcion_Ergonomico\Switch_De_Distorcion_Ergonomico\03_Investigacion_y_Desarrollo\04_Implementacion_SW\Switch_De_Distorcion_Ergonomico\Application" -I"D:\Maestria\APSW\Switch_De_Distorcion_Ergonomico\Switch_De_Distorcion_Ergonomico\03_Investigacion_y_Desarrollo\04_Implementacion_SW\Switch_De_Distorcion_Ergonomico\OS" -O0 -fno-common -g3 -Wall -c -fmessage-length=0 -fno-builtin -ffunction-sections -fdata-sections -mcpu=cortex-m0plus -mthumb -D__REDLIB__ -specs=redlib.specs -MMD -MP -MF"Application/app_DAC.d" -MT"Application/app_DAC.o" -MT"Application/app_DAC.d" -o "Application/app_DAC.o" "../Application/app_DAC.c"
Building file: ../Application/app_GPIO.c
Building file: ../Application/app_Init.c
Building file: ../Application/app_LED.c
Finished building: ../CMSIS/system_MKL25Z4.c
Building file: ../Application/app_PIT.c
Invoking: MCU C Compiler
arm-none-eabi-gcc -DCR_INTEGER_PRINTF -DSDK_DEBUGCONSOLE=0 -D__MCUXPRESSO -D__USE_CMSIS -DDEBUG -DFSL_RTOS_BM -DSDK_OS_BAREMETAL -DCPU_MKL25Z128VLK4 -DCPU_MKL25Z128VLK4_cm0plus -D__REDLIB__ -I"D:\Maestria\APSW\Switch_De_Distorcion_Ergonomico\Switch_De_Distorcion_Ergonomico\03_Investigacion_y_Desarrollo\04_Implementacion_SW\Switch_De_Distorcion_Ergonomico\source" -I"D:\Maestria\APSW\Switch_De_Distorcion_Ergonomico\Switch_De_Distorcion_Ergonomico\03_Investigacion_y_Desarrollo\04_Implementacion_SW\Switch_De_Distorcion_Ergonomico" -I"D:\Maestria\APSW\Switch_De_Distorcion_Ergonomico\Switch_De_Distorcion_Ergonomico\03_Investigacion_y_Desarrollo\04_Implementacion_SW\Switch_De_Distorcion_Ergonomico\drivers" -I"D:\Maestria\APSW\Switch_De_Distorcion_Ergonomico\Switch_De_Distorcion_Ergonomico\03_Investigacion_y_Desarrollo\04_Implementacion_SW\Switch_De_Distorcion_Ergonomico\utilities" -I"D:\Maestria\APSW\Switch_De_Distorcion_Ergonomico\Switch_De_Distorcion_Ergonomico\03_Investigacion_y_Desarrollo\04_Implementacion_SW\Switch_De_Distorcion_Ergonomico\startup" -I"D:\Maestria\APSW\Switch_De_Distorcion_Ergonomico\Switch_De_Distorcion_Ergonomico\03_Investigacion_y_Desarrollo\04_Implementacion_SW\Switch_De_Distorcion_Ergonomico\CMSIS" -I"D:\Maestria\APSW\Switch_De_Distorcion_Ergonomico\Switch_De_Distorcion_Ergonomico\03_Investigacion_y_Desarrollo\04_Implementacion_SW\Switch_De_Distorcion_Ergonomico\Application" -I"D:\Maestria\APSW\Switch_De_Distorcion_Ergonomico\Switch_De_Distorcion_Ergonomico\03_Investigacion_y_Desarrollo\04_Implementacion_SW\Switch_De_Distorcion_Ergonomico\OS" -O0 -fno-common -g3 -Wall -c -fmessage-length=0 -fno-builtin -ffunction-sections -fdata-sections -mcpu=cortex-m0plus -mthumb -D__REDLIB__ -specs=redlib.specs -MMD -MP -MF"Application/app_GPIO.d" -MT"Application/app_GPIO.o" -MT"Application/app_GPIO.d" -o "Application/app_GPIO.o" "../Application/app_GPIO.c"
Invoking: MCU C Compiler
Invoking: MCU C Compiler
arm-none-eabi-gcc -DCR_INTEGER_PRINTF -DSDK_DEBUGCONSOLE=0 -D__MCUXPRESSO -D__USE_CMSIS -DDEBUG -DFSL_RTOS_BM -DSDK_OS_BAREMETAL -DCPU_MKL25Z128VLK4 -DCPU_MKL25Z128VLK4_cm0plus -D__REDLIB__ -I"D:\Maestria\APSW\Switch_De_Distorcion_Ergonomico\Switch_De_Distorcion_Ergonomico\03_Investigacion_y_Desarrollo\04_Implementacion_SW\Switch_De_Distorcion_Ergonomico\source" -I"D:\Maestria\APSW\Switch_De_Distorcion_Ergonomico\Switch_De_Distorcion_Ergonomico\03_Investigacion_y_Desarrollo\04_Implementacion_SW\Switch_De_Distorcion_Ergonomico" -I"D:\Maestria\APSW\Switch_De_Distorcion_Ergonomico\Switch_De_Distorcion_Ergonomico\03_Investigacion_y_Desarrollo\04_Implementacion_SW\Switch_De_Distorcion_Ergonomico\drivers" -I"D:\Maestria\APSW\Switch_De_Distorcion_Ergonomico\Switch_De_Distorcion_Ergonomico\03_Investigacion_y_Desarrollo\04_Implementacion_SW\Switch_De_Distorcion_Ergonomico\utilities" -I"D:\Maestria\APSW\Switch_De_Distorcion_Ergonomico\Switch_De_Distorcion_Ergonomico\03_Investigacion_y_Desarrollo\04_Implementacion_SW\Switch_De_Distorcion_Ergonomico\startup" -I"D:\Maestria\APSW\Switch_De_Distorcion_Ergonomico\Switch_De_Distorcion_Ergonomico\03_Investigacion_y_Desarrollo\04_Implementacion_SW\Switch_De_Distorcion_Ergonomico\CMSIS" -I"D:\Maestria\APSW\Switch_De_Distorcion_Ergonomico\Switch_De_Distorcion_Ergonomico\03_Investigacion_y_Desarrollo\04_Implementacion_SW\Switch_De_Distorcion_Ergonomico\Application" -I"D:\Maestria\APSW\Switch_De_Distorcion_Ergonomico\Switch_De_Distorcion_Ergonomico\03_Investigacion_y_Desarrollo\04_Implementacion_SW\Switch_De_Distorcion_Ergonomico\OS" -O0 -fno-common -g3 -Wall -c -fmessage-length=0 -fno-builtin -ffunction-sections -fdata-sections -mcpu=cortex-m0plus -mthumb -D__REDLIB__ -specs=redlib.specs -MMD -MP -MF"Application/app_Init.d" -MT"Application/app_Init.o" -MT"Application/app_Init.d" -o "Application/app_Init.o" "../Application/app_Init.c"
 
Invoking: MCU C Compiler
arm-none-eabi-gcc -DCR_INTEGER_PRINTF -DSDK_DEBUGCONSOLE=0 -D__MCUXPRESSO -D__USE_CMSIS -DDEBUG -DFSL_RTOS_BM -DSDK_OS_BAREMETAL -DCPU_MKL25Z128VLK4 -DCPU_MKL25Z128VLK4_cm0plus -D__REDLIB__ -I"D:\Maestria\APSW\Switch_De_Distorcion_Ergonomico\Switch_De_Distorcion_Ergonomico\03_Investigacion_y_Desarrollo\04_Implementacion_SW\Switch_De_Distorcion_Ergonomico\source" -I"D:\Maestria\APSW\Switch_De_Distorcion_Ergonomico\Switch_De_Distorcion_Ergonomico\03_Investigacion_y_Desarrollo\04_Implementacion_SW\Switch_De_Distorcion_Ergonomico" -I"D:\Maestria\APSW\Switch_De_Distorcion_Ergonomico\Switch_De_Distorcion_Ergonomico\03_Investigacion_y_Desarrollo\04_Implementacion_SW\Switch_De_Distorcion_Ergonomico\drivers" -I"D:\Maestria\APSW\Switch_De_Distorcion_Ergonomico\Switch_De_Distorcion_Ergonomico\03_Investigacion_y_Desarrollo\04_Implementacion_SW\Switch_De_Distorcion_Ergonomico\utilities" -I"D:\Maestria\APSW\Switch_De_Distorcion_Ergonomico\Switch_De_Distorcion_Ergonomico\03_Investigacion_y_Desarrollo\04_Implementacion_SW\Switch_De_Distorcion_Ergonomico\startup" -I"D:\Maestria\APSW\Switch_De_Distorcion_Ergonomico\Switch_De_Distorcion_Ergonomico\03_Investigacion_y_Desarrollo\04_Implementacion_SW\Switch_De_Distorcion_Ergonomico\CMSIS" -I"D:\Maestria\APSW\Switch_De_Distorcion_Ergonomico\Switch_De_Distorcion_Ergonomico\03_Investigacion_y_Desarrollo\04_Implementacion_SW\Switch_De_Distorcion_Ergonomico\Application" -I"D:\Maestria\APSW\Switch_De_Distorcion_Ergonomico\Switch_De_Distorcion_Ergonomico\03_Investigacion_y_Desarrollo\04_Implementacion_SW\Switch_De_Distorcion_Ergonomico\OS" -O0 -fno-common -g3 -Wall -c -fmessage-length=0 -fno-builtin -ffunction-sections -fdata-sections -mcpu=cortex-m0plus -mthumb -D__REDLIB__ -specs=redlib.specs -MMD -MP -MF"Application/app_LED.d" -MT"Application/app_LED.o" -MT"Application/app_LED.d" -o "Application/app_LED.o" "../Application/app_LED.c"
arm-none-eabi-gcc -DCR_INTEGER_PRINTF -DSDK_DEBUGCONSOLE=0 -D__MCUXPRESSO -D__USE_CMSIS -DDEBUG -DFSL_RTOS_BM -DSDK_OS_BAREMETAL -DCPU_MKL25Z128VLK4 -DCPU_MKL25Z128VLK4_cm0plus -D__REDLIB__ -I"D:\Maestria\APSW\Switch_De_Distorcion_Ergonomico\Switch_De_Distorcion_Ergonomico\03_Investigacion_y_Desarrollo\04_Implementacion_SW\Switch_De_Distorcion_Ergonomico\source" -I"D:\Maestria\APSW\Switch_De_Distorcion_Ergonomico\Switch_De_Distorcion_Ergonomico\03_Investigacion_y_Desarrollo\04_Implementacion_SW\Switch_De_Distorcion_Ergonomico" -I"D:\Maestria\APSW\Switch_De_Distorcion_Ergonomico\Switch_De_Distorcion_Ergonomico\03_Investigacion_y_Desarrollo\04_Implementacion_SW\Switch_De_Distorcion_Ergonomico\drivers" -I"D:\Maestria\APSW\Switch_De_Distorcion_Ergonomico\Switch_De_Distorcion_Ergonomico\03_Investigacion_y_Desarrollo\04_Implementacion_SW\Switch_De_Distorcion_Ergonomico\utilities" -I"D:\Maestria\APSW\Switch_De_Distorcion_Ergonomico\Switch_De_Distorcion_Ergonomico\03_Investigacion_y_Desarrollo\04_Implementacion_SW\Switch_De_Distorcion_Ergonomico\startup" -I"D:\Maestria\APSW\Switch_De_Distorcion_Ergonomico\Switch_De_Distorcion_Ergonomico\03_Investigacion_y_Desarrollo\04_Implementacion_SW\Switch_De_Distorcion_Ergonomico\CMSIS" -I"D:\Maestria\APSW\Switch_De_Distorcion_Ergonomico\Switch_De_Distorcion_Ergonomico\03_Investigacion_y_Desarrollo\04_Implementacion_SW\Switch_De_Distorcion_Ergonomico\Application" -I"D:\Maestria\APSW\Switch_De_Distorcion_Ergonomico\Switch_De_Distorcion_Ergonomico\03_Investigacion_y_Desarrollo\04_Implementacion_SW\Switch_De_Distorcion_Ergonomico\OS" -O0 -fno-common -g3 -Wall -c -fmessage-length=0 -fno-builtin -ffunction-sections -fdata-sections -mcpu=cortex-m0plus -mthumb -D__REDLIB__ -specs=redlib.specs -MMD -MP -MF"Application/app_PIT.d" -MT"Application/app_PIT.o" -MT"Application/app_PIT.d" -o "Application/app_PIT.o" "../Application/app_PIT.c"
Building file: ../Application/app_PWM.c
Invoking: MCU C Compiler
arm-none-eabi-gcc -DCR_INTEGER_PRINTF -DSDK_DEBUGCONSOLE=0 -D__MCUXPRESSO -D__USE_CMSIS -DDEBUG -DFSL_RTOS_BM -DSDK_OS_BAREMETAL -DCPU_MKL25Z128VLK4 -DCPU_MKL25Z128VLK4_cm0plus -D__REDLIB__ -I"D:\Maestria\APSW\Switch_De_Distorcion_Ergonomico\Switch_De_Distorcion_Ergonomico\03_Investigacion_y_Desarrollo\04_Implementacion_SW\Switch_De_Distorcion_Ergonomico\source" -I"D:\Maestria\APSW\Switch_De_Distorcion_Ergonomico\Switch_De_Distorcion_Ergonomico\03_Investigacion_y_Desarrollo\04_Implementacion_SW\Switch_De_Distorcion_Ergonomico" -I"D:\Maestria\APSW\Switch_De_Distorcion_Ergonomico\Switch_De_Distorcion_Ergonomico\03_Investigacion_y_Desarrollo\04_Implementacion_SW\Switch_De_Distorcion_Ergonomico\drivers" -I"D:\Maestria\APSW\Switch_De_Distorcion_Ergonomico\Switch_De_Distorcion_Ergonomico\03_Investigacion_y_Desarrollo\04_Implementacion_SW\Switch_De_Distorcion_Ergonomico\utilities" -I"D:\Maestria\APSW\Switch_De_Distorcion_Ergonomico\Switch_De_Distorcion_Ergonomico\03_Investigacion_y_Desarrollo\04_Implementacion_SW\Switch_De_Distorcion_Ergonomico\startup" -I"D:\Maestria\APSW\Switch_De_Distorcion_Ergonomico\Switch_De_Distorcion_Ergonomico\03_Investigacion_y_Desarrollo\04_Implementacion_SW\Switch_De_Distorcion_Ergonomico\CMSIS" -I"D:\Maestria\APSW\Switch_De_Distorcion_Ergonomico\Switch_De_Distorcion_Ergonomico\03_Investigacion_y_Desarrollo\04_Implementacion_SW\Switch_De_Distorcion_Ergonomico\Application" -I"D:\Maestria\APSW\Switch_De_Distorcion_Ergonomico\Switch_De_Distorcion_Ergonomico\03_Investigacion_y_Desarrollo\04_Implementacion_SW\Switch_De_Distorcion_Ergonomico\OS" -O0 -fno-common -g3 -Wall -c -fmessage-length=0 -fno-builtin -ffunction-sections -fdata-sections -mcpu=cortex-m0plus -mthumb -D__REDLIB__ -specs=redlib.specs -MMD -MP -MF"Application/app_PWM.d" -MT"Application/app_PWM.o" -MT"Application/app_PWM.d" -o "Application/app_PWM.o" "../Application/app_PWM.c"
Finished building: ../Application/app_ADC.c
 
Finished building: ../Application/app_BtnDbnc.c
Finished building: ../Application/app_DAC.c
 
Finished building: ../Application/app_Init.c
 
 
Finished building: ../Application/app_LED.c
Finished building: ../Application/app_GPIO.c
Finished building: ../Application/app_PIT.c
 
 
 
Finished building: ../Application/app_PWM.c
 
Building target: Switch_De_Distorcion_Ergonomico.axf
Invoking: MCU Linker
arm-none-eabi-gcc -nostdlib -Xlinker -Map="Switch_De_Distorcion_Ergonomico.map" -Xlinker --gc-sections -Xlinker -print-memory-usage -mcpu=cortex-m0plus -mthumb -T Switch_De_Distorcion_Ergonomico_Debug.ld -o "Switch_De_Distorcion_Ergonomico.axf"  ./utilities/fsl_debug_console.o  ./startup/startup_mkl25z4.o  ./source/board.o ./source/clock_config.o ./source/main.o ./source/mtb.o ./source/pin_mux.o  ./drivers/fsl_adc16.o ./drivers/fsl_clock.o ./drivers/fsl_cmp.o ./drivers/fsl_common.o ./drivers/fsl_cop.o ./drivers/fsl_dac.o ./drivers/fsl_dma.o ./drivers/fsl_dmamux.o ./drivers/fsl_flash.o ./drivers/fsl_gpio.o ./drivers/fsl_i2c.o ./drivers/fsl_i2c_dma.o ./drivers/fsl_llwu.o ./drivers/fsl_lpsci.o ./drivers/fsl_lpsci_dma.o ./drivers/fsl_lptmr.o ./drivers/fsl_pit.o ./drivers/fsl_pmc.o ./drivers/fsl_rcm.o ./drivers/fsl_rtc.o ./drivers/fsl_sim.o ./drivers/fsl_smc.o ./drivers/fsl_spi.o ./drivers/fsl_spi_dma.o ./drivers/fsl_tpm.o ./drivers/fsl_tsi_v4.o ./drivers/fsl_uart.o ./drivers/fsl_uart_dma.o  ./OS/OS_Sched_Core.o ./OS/OS_Sched_Tasks.o  ./CMSIS/system_MKL25Z4.o  ./Application/MiografoAudio/Audio_Effect_Sig_ctl.o ./Application/MiografoAudio/EMG_Control.o  ./Application/app_ADC.o ./Application/app_BtnDbnc.o ./Application/app_DAC.o ./Application/app_GPIO.o ./Application/app_Init.o ./Application/app_LED.o ./Application/app_PIT.o ./Application/app_PWM.o   
Memory region         Used Size  Region Size  %age Used
   PROGRAM_FLASH:       20468 B       128 KB     15.62%
            SRAM:        2528 B        16 KB     15.43%
Finished building target: Switch_De_Distorcion_Ergonomico.axf
 
make --no-print-directory post-build
Performing post-build steps
arm-none-eabi-size "Switch_De_Distorcion_Ergonomico.axf"; # arm-none-eabi-objcopy -v -O binary "Switch_De_Distorcion_Ergonomico.axf" "Switch_De_Distorcion_Ergonomico.bin" ; # checksum -p MKL25Z128xxx4 -d "Switch_De_Distorcion_Ergonomico.bin";
   text	   data	    bss	    dec	    hex	filename
  20440	     28	   2500	  22968	   59b8	Switch_De_Distorcion_Ergonomico.axf
 
